Archive member included to satisfy reference by file (symbol)

C:\Mywork\mbed_program\High-V_INV-MC\MyProgram\mbed\TARGET_LPC1768\TOOLCHAIN_GCC_CR\libmbed.a(serial_api.o)
                              ./SCI_eDISP3/SCI_eDISP3.o (serial_irq_set)
C:\Mywork\mbed_program\High-V_INV-MC\MyProgram\mbed\TARGET_LPC1768\TOOLCHAIN_GCC_CR\libmbed.a(BusOut.o)
                              ./main.o (mbed::BusOut::~BusOut())
C:\Mywork\mbed_program\High-V_INV-MC\MyProgram\mbed\TARGET_LPC1768\TOOLCHAIN_GCC_CR\libmbed.a(FunctionPointer.o)
                              ./main.o (mbed::FunctionPointer::attach(void (*)()))
C:\Mywork\mbed_program\High-V_INV-MC\MyProgram\mbed\TARGET_LPC1768\TOOLCHAIN_GCC_CR\libmbed.a(FilePath.o)
                              C:/Mywork/mbed_program/High-V_INV-MC/MyProgram/mbed/TARGET_LPC1768/TOOLCHAIN_GCC_CR/retarget.o (mbed::FilePath::fileName())
C:\Mywork\mbed_program\High-V_INV-MC\MyProgram\mbed\TARGET_LPC1768\TOOLCHAIN_GCC_CR\libmbed.a(InterruptIn.o)
                              ./main.o (mbed::InterruptIn::rise(void (*)()))
C:\Mywork\mbed_program\High-V_INV-MC\MyProgram\mbed\TARGET_LPC1768\TOOLCHAIN_GCC_CR\libmbed.a(FileSystemLike.o)
                              C:/Mywork/mbed_program/High-V_INV-MC/MyProgram/mbed/TARGET_LPC1768/TOOLCHAIN_GCC_CR/retarget.o (mbed::FileSystemLike::opendir())
C:\Mywork\mbed_program\High-V_INV-MC\MyProgram\mbed\TARGET_LPC1768\TOOLCHAIN_GCC_CR\libmbed.a(SPI.o)
                              ./LCD_C12832/C12832_lcd.o (mbed::SPI::frequency(int))
C:\Mywork\mbed_program\High-V_INV-MC\MyProgram\mbed\TARGET_LPC1768\TOOLCHAIN_GCC_CR\libmbed.a(Ticker.o)
                              ./main.o (mbed::Ticker::detach())
C:\Mywork\mbed_program\High-V_INV-MC\MyProgram\mbed\TARGET_LPC1768\TOOLCHAIN_GCC_CR\libmbed.a(Serial.o)
                              ./SCI_eDISP3/SCI_eDISP3.o (mbed::Serial::Serial(PinName, PinName, char const*))
C:\Mywork\mbed_program\High-V_INV-MC\MyProgram\mbed\TARGET_LPC1768\TOOLCHAIN_GCC_CR\libmbed.a(SerialBase.o)
                              C:\Mywork\mbed_program\High-V_INV-MC\MyProgram\mbed\TARGET_LPC1768\TOOLCHAIN_GCC_CR\libmbed.a(Serial.o) (mbed::SerialBase::SerialBase(PinName, PinName))
C:\Mywork\mbed_program\High-V_INV-MC\MyProgram\mbed\TARGET_LPC1768\TOOLCHAIN_GCC_CR\libmbed.a(Stream.o)
                              ./LCD_C12832/C12832_lcd.o (mbed::Stream::close())
C:\Mywork\mbed_program\High-V_INV-MC\MyProgram\mbed\TARGET_LPC1768\TOOLCHAIN_GCC_CR\libmbed.a(TimerEvent.o)
                              ./main.o (mbed::TimerEvent::~TimerEvent())
C:\Mywork\mbed_program\High-V_INV-MC\MyProgram\mbed\TARGET_LPC1768\TOOLCHAIN_GCC_CR\libmbed.a(Timer.o)
                              ./main.o (mbed::Timer::start())
C:\Mywork\mbed_program\High-V_INV-MC\MyProgram\mbed\TARGET_LPC1768\TOOLCHAIN_GCC_CR\libmbed.a(assert.o)
                              ./LCD_C12832/C12832_lcd.o (mbed_assert_internal)
C:\Mywork\mbed_program\High-V_INV-MC\MyProgram\mbed\TARGET_LPC1768\TOOLCHAIN_GCC_CR\libmbed.a(error.o)
                              C:/Mywork/mbed_program/High-V_INV-MC/MyProgram/mbed/TARGET_LPC1768/TOOLCHAIN_GCC_CR/retarget.o (error)
C:\Mywork\mbed_program\High-V_INV-MC\MyProgram\mbed\TARGET_LPC1768\TOOLCHAIN_GCC_CR\libmbed.a(gpio.o)
                              ./main.o (gpio_init_in)
C:\Mywork\mbed_program\High-V_INV-MC\MyProgram\mbed\TARGET_LPC1768\TOOLCHAIN_GCC_CR\libmbed.a(exit.o)
                              C:/Mywork/mbed_program/High-V_INV-MC/MyProgram/mbed/TARGET_LPC1768/TOOLCHAIN_GCC_CR/retarget.o (exit)
C:\Mywork\mbed_program\High-V_INV-MC\MyProgram\mbed\TARGET_LPC1768\TOOLCHAIN_GCC_CR\libmbed.a(mbed_interface.o)
                              C:\Mywork\mbed_program\High-V_INV-MC\MyProgram\mbed\TARGET_LPC1768\TOOLCHAIN_GCC_CR\libmbed.a(exit.o) (mbed_interface_connected)
C:\Mywork\mbed_program\High-V_INV-MC\MyProgram\mbed\TARGET_LPC1768\TOOLCHAIN_GCC_CR\libmbed.a(pinmap_common.o)
                              C:\Mywork\mbed_program\High-V_INV-MC\MyProgram\mbed\TARGET_LPC1768\TOOLCHAIN_GCC_CR\libmbed.a(serial_api.o) (pinmap_pinout)
C:\Mywork\mbed_program\High-V_INV-MC\MyProgram\mbed\TARGET_LPC1768\TOOLCHAIN_GCC_CR\libmbed.a(us_ticker_api.o)
                              C:\Mywork\mbed_program\High-V_INV-MC\MyProgram\mbed\TARGET_LPC1768\TOOLCHAIN_GCC_CR\libmbed.a(TimerEvent.o) (us_ticker_set_handler)
C:\Mywork\mbed_program\High-V_INV-MC\MyProgram\mbed\TARGET_LPC1768\TOOLCHAIN_GCC_CR\libmbed.a(wait_api.o)
                              ./LCD_C12832/C12832_lcd.o (wait_us)
C:\Mywork\mbed_program\High-V_INV-MC\MyProgram\mbed\TARGET_LPC1768\TOOLCHAIN_GCC_CR\libmbed.a(semihost_api.o)
                              C:\Mywork\mbed_program\High-V_INV-MC\MyProgram\mbed\TARGET_LPC1768\TOOLCHAIN_GCC_CR\libmbed.a(exit.o) (semihost_exit)
C:\Mywork\mbed_program\High-V_INV-MC\MyProgram\mbed\TARGET_LPC1768\TOOLCHAIN_GCC_CR\libmbed.a(gpio_api.o)
[...]
Memory Configuration

Name             Origin             Length             Attributes
MFlash512        0x00000000         0x00080000         xr
RamLoc32         0x100000c8         0x00007f38         xrw
RamAHB32         0x2007c000         0x00008000         xrw
*default*        0x00000000         0xffffffff

Linker script and memory map

LOAD ./SCI_eDISP3/SCI_eDISP3.o
LOAD ./LCD_C12832/C12832_lcd.o
LOAD ./LCD_C12832/GraphicsDisplay.o
LOAD ./LCD_C12832/TextDisplay.o
LOAD ./main.o
LOAD C:/Mywork/mbed_program/High-V_INV-MC/MyProgram/mbed/TARGET_LPC1768/TOOLCHAIN_GCC_CR/board.o
LOAD C:/Mywork/mbed_program/High-V_INV-MC/MyProgram/mbed/TARGET_LPC1768/TOOLCHAIN_GCC_CR/cmsis_nvic.o
LOAD C:/Mywork/mbed_program/High-V_INV-MC/MyProgram/mbed/TARGET_LPC1768/TOOLCHAIN_GCC_CR/retarget.o
LOAD C:/Mywork/mbed_program/High-V_INV-MC/MyProgram/mbed/TARGET_LPC1768/TOOLCHAIN_GCC_CR/startup_LPC17xx.o
LOAD C:/Mywork/mbed_program/High-V_INV-MC/MyProgram/mbed/TARGET_LPC1768/TOOLCHAIN_GCC_CR/system_LPC17xx.o
LOAD C:\Mywork\mbed_program\High-V_INV-MC\MyProgram\mbed\TARGET_LPC1768\TOOLCHAIN_GCC_CR\libmbed.a
START GROUP
LOAD c:/nxp/lpcxpresso_8.2.2_650/lpcxpresso/tools/bin/../lib/gcc/arm-none-eabi/5.4.1/armv7-m\libgcc.a
LOAD c:/nxp/lpcxpresso_8.2.2_650/lpcxpresso/tools/bin/../lib/gcc/arm-none-eabi/5.4.1/../../../../arm-none-eabi/lib/armv7-m\libc.a
LOAD c:/nxp/lpcxpresso_8.2.2_650/lpcxpresso/tools/bin/../lib/gcc/arm-none-eabi/5.4.1/../../../../arm-none-eabi/lib/armv7-m\libstdc++.a
LOAD c:/nxp/lpcxpresso_8.2.2_650/lpcxpresso/tools/bin/../lib/gcc/arm-none-eabi/5.4.1/../../../../arm-none-eabi/lib/armv7-m\libm.a
LOAD c:/nxp/lpcxpresso_8.2.2_650/lpcxpresso/tools/bin/../lib/gcc/arm-none-eabi/5.4.1/../../../../arm-none-eabi/lib/armv7-m\libcr_newlib_nohost.a
LOAD c:/nxp/lpcxpresso_8.2.2_650/lpcxpresso/tools/bin/../lib/gcc/arm-none-eabi/5.4.1/armv7-m\crti.o
LOAD c:/nxp/lpcxpresso_8.2.2_650/lpcxpresso/tools/bin/../lib/gcc/arm-none-eabi/5.4.1/armv7-m\crtn.o
LOAD c:/nxp/lpcxpresso_8.2.2_650/lpcxpresso/tools/bin/../lib/gcc/arm-none-eabi/5.4.1/armv7-m\crtbegin.o
LOAD c:/nxp/lpcxpresso_8.2.2_650/lpcxpresso/tools/bin/../lib/gcc/arm-none-eabi/5.4.1/armv7-m\crtend.o
END GROUP
                0x00080000                __top_MFlash512 = 0x80000
                0x10008000                __top_RamLoc32 = 0x10008000
                0x20084000                __top_RamAHB32 = 0x20084000

.text           0x00000000     0x8fcc
 FILL mask 0xff
 *(.isr_vector)
 .isr_vector    0x00000000       0xcc C:/Mywork/mbed_program/High-V_INV-MC/MyProgram/mbed/TARGET_LPC1768/TOOLCHAIN_GCC_CR/startup_LPC17xx.o
                0x00000000                g_pfnVectors
                0x000000cc                . = ALIGN (0x4)
                0x000000cc                __section_table_start = .
                0x000000cc                __data_section_table = .
                0x000000cc        0x4 LONG 0x8fd4 LOADADDR (.data)
                0x000000d0        0x4 LONG 0x100000c8 ADDR (.data)
                0x000000d4        0x4 LONG 0x8a8 SIZEOF (.data)
                0x000000d8        0x4 LONG 0x8fd4 LOADADDR (.data_RAM2)
                0x000000dc        0x4 LONG 0x2007c000 ADDR (.data_RAM2)
                0x000000e0        0x4 LONG 0x0 SIZEOF (.data_RAM2)
                0x000000e4                __data_section_table_end = .
                0x000000e4                __bss_section_table = .
                0x000000e4        0x4 LONG 0x10000970 ADDR (.bss)
                0x000000e8        0x4 LONG 0x5e8 SIZEOF (.bss)
                0x000000ec        0x4 LONG 0x2007c000 ADDR (.bss_RAM2)
                0x000000f0        0x4 LONG 0x0 SIZEOF (.bss_RAM2)
                0x000000f4                __bss_section_table_end = .
                0x000000f4                __section_table_end = .
 *(.after_vectors*)
 .after_vectors
                0x000000f4      0x138 C:/Mywork/mbed_program/High-V_INV-MC/MyProgram/mbed/TARGET_LPC1768/TOOLCHAIN_GCC_CR/startup_LPC17xx.o
                0x000000f4                NMI_Handler
                0x000000f8                HardFault_Handler
                0x000000fc                MemManage_Handler
                0x00000100                BusFault_Handler
                0x00000104                UsageFault_Handler
                0x00000108                SVC_Handler
                0x0000010c                DebugMon_Handler
                0x00000110                PendSV_Handler
                0x00000114                SysTick_Handler
                0x00000118                ResetISR
                0x000001c4                data_init
                0x000001f8                bss_init
                0x00000228                EINT3_IRQHandler
                0x00000228                CANActivity_IRQHandler
                0x00000228                TIMER3_IRQHandler
                0x00000228                UART0_IRQHandler
                0x00000228                UART1_IRQHandler
                0x00000228                EINT2_IRQHandler
                0x00000228                PWM1_IRQHandler
                0x00000228                IntDefaultHandler
                0x00000228                PLL0_IRQHandler
                0x00000228                USBActivity_IRQHandler
                0x00000228                PLL1_IRQHandler
                0x00000228                SSP0_IRQHandler
                0x00000228                I2S_IRQHandler
                0x00000228                I2C2_IRQHandler
                0x00000228                RTC_IRQHandler
                0x00000228                TIMER0_IRQHandler
                0x00000228                SPI_IRQHandler
                0x00000228                I2C1_IRQHandler
                0x00000228                EINT1_IRQHandler
                0x00000228                TIMER1_IRQHandler
                0x00000228                UART2_IRQHandler
                0x00000228                ADC_IRQHandler
                0x00000228                SSP1_IRQHandler
                0x00000228                USB_IRQHandler
                0x00000228                BOD_IRQHandler
                0x00000228                I2C0_IRQHandler
                0x00000228                WDT_IRQHandler
                0x00000228                RIT_IRQHandler
                0x00000228                QEI_IRQHandler
                0x00000228                EINT0_IRQHandler
                0x00000228                CAN_IRQHandler
                0x00000228                DMA_IRQHandler
                0x00000228                TIMER2_IRQHandler
                0x00000228                UART3_IRQHandler
                0x00000228                MCPWM_IRQHandler
                0x00000228                ENET_IRQHandler
 *(.text*)
 .text.gpio_write
                0x0000022c       0x4c ./LCD_C12832/C12832_lcd.o
 .text._ZN4mbed10DigitalOutC2E7PinName
                0x00000278       0x30 ./LCD_C12832/C12832_lcd.o
                0x00000278                mbed::DigitalOut::DigitalOut(PinName)
                0x00000278                mbed::DigitalOut::DigitalOut(PinName)
 .text._ZN4mbed10DigitalOut5writeEi
                0x000002a8       0x1c ./LCD_C12832/C12832_lcd.o
                0x000002a8                mbed::DigitalOut::write(int)
 .text._ZN4mbed10DigitalOutaSEi
                0x000002c4       0x1c ./LCD_C12832/C12832_lcd.o
                0x000002c4                mbed::DigitalOut::operator=(int)
 .text.gpio_read
                0x000002e0       0x44 ./main.o
 .text._ZN4mbed9DigitalInC2E7PinName
                0x00000324       0x30 ./main.o
                0x00000324                mbed::DigitalIn::DigitalIn(PinName)
                0x00000324                mbed::DigitalIn::DigitalIn(PinName)
 .text._ZN4mbed9DigitalIn4readEv
                0x00000354       0x1c ./main.o
                0x00000354                mbed::DigitalIn::read()
 .text._ZN4mbed9DigitalIncviEv
                0x00000370       0x18 ./main.o
                0x00000370                mbed::DigitalIn::operator int()
 .text._ZN4mbed6Ticker9attach_usEPFvvEy
                0x00000388       0x2c ./main.o
                0x00000388                mbed::Ticker::attach_us(void (*)(), unsigned long long)
 .text._ZN4mbed6TickerD2Ev
                0x000003b4       0x38 ./main.o
                0x000003b4                mbed::Ticker::~Ticker()
                0x000003b4                mbed::Ticker::~Ticker()
 .text._ZN4mbed6TickerD0Ev
                0x000003ec       0x20 ./main.o
                0x000003ec                mbed::Ticker::~Ticker()
 .text._ZN4mbed6TickerC2Ev
                0x0000040c       0x30 ./main.o
                0x0000040c                mbed::Ticker::Ticker()
                0x0000040c                mbed::Ticker::Ticker()
 .text._Z9Emergencyv
                0x0000043c      0x134 ./main.o
                0x0000043c                Emergency()
 .text._Z9time0_intv
                0x00000570       0x90 ./main.o
                0x00000570                time0_int()
 .text._Z6ru_intv
                0x00000600       0x24 ./main.o
                0x00000600                ru_int()
 .text._Z6rv_intv
                0x00000624       0x24 ./main.o
                0x00000624                rv_int()
 .text._Z6rw_intv
                0x00000648       0x24 ./main.o
                0x00000648                rw_int()
 .text._Z10initializev
                0x0000066c      0x15c ./main.o
                0x0000066c                initialize()
 .text.main     0x000007c8       0x68 ./main.o
                0x000007c8                main
 .text._Z41__static_initialization_and_destruction_0ii
                0x00000830      0x1cc ./main.o
 .text._GLOBAL__sub_I_Data0
                0x000009fc       0x10 ./main.o
 .text.mbed_die
                0x00000a0c      0x160 C:/Mywork/mbed_program/High-V_INV-MC/MyProgram/mbed/TARGET_LPC1768/TOOLCHAIN_GCC_CR/board.o
                0x00000a0c                mbed_die
 .text.NVIC_SetVector
                0x00000b6c       0x54 C:/Mywork/mbed_program/High-V_INV-MC/MyProgram/mbed/TARGET_LPC1768/TOOLCHAIN_GCC_CR/cmsis_nvic.o
                0x00000b6c                NVIC_SetVector
 .text._ZL11init_serialv
                0x00000bc0       0x28 C:/Mywork/mbed_program/High-V_INV-MC/MyProgram/mbed/TARGET_LPC1768/TOOLCHAIN_GCC_CR/retarget.o
 .text._close   0x00000be8       0x2c C:/Mywork/mbed_program/High-V_INV-MC/MyProgram/mbed/TARGET_LPC1768/TOOLCHAIN_GCC_CR/retarget.o
                0x00000be8                _close
 .text._write   0x00000c14       0x88 C:/Mywork/mbed_program/High-V_INV-MC/MyProgram/mbed/TARGET_LPC1768/TOOLCHAIN_GCC_CR/retarget.o
                0x00000c14                _write
 .text._read    0x00000c9c       0x50 C:/Mywork/mbed_program/High-V_INV-MC/MyProgram/mbed/TARGET_LPC1768/TOOLCHAIN_GCC_CR/retarget.o
                0x00000c9c                _read
 .text._isatty  0x00000cec       0x28 C:/Mywork/mbed_program/High-V_INV-MC/MyProgram/mbed/TARGET_LPC1768/TOOLCHAIN_GCC_CR/retarget.o
                0x00000cec                _isatty
 .text._lseek   0x00000d14       0x28 C:/Mywork/mbed_program/High-V_INV-MC/MyProgram/mbed/TARGET_LPC1768/TOOLCHAIN_GCC_CR/retarget.o
                0x00000d14                _lseek
 .text._fstat   0x00000d3c       0x20 C:/Mywork/mbed_program/High-V_INV-MC/MyProgram/mbed/TARGET_LPC1768/TOOLCHAIN_GCC_CR/retarget.o
                0x00000d3c                _fstat
 .text.__cxa_pure_virtual
                0x00000d5c        0x8 C:/Mywork/mbed_program/High-V_INV-MC/MyProgram/mbed/TARGET_LPC1768/TOOLCHAIN_GCC_CR/retarget.o
                0x00000d5c                __cxa_pure_virtual
 .text.__aeabi_atexit
                0x00000d64        0x4 C:/Mywork/mbed_program/High-V_INV-MC/MyProgram/mbed/TARGET_LPC1768/TOOLCHAIN_GCC_CR/startup_LPC17xx.o
                0x00000d64                __aeabi_atexit
 .text._Znwj    0x00000d68        0x4 C:/Mywork/mbed_program/High-V_INV-MC/MyProgram/mbed/TARGET_LPC1768/TOOLCHAIN_GCC_CR/startup_LPC17xx.o
                0x00000d68                operator new(unsigned int)
 .text._ZdlPv   0x00000d6c        0x4 C:/Mywork/mbed_program/High-V_INV-MC/MyProgram/mbed/TARGET_LPC1768/TOOLCHAIN_GCC_CR/startup_LPC17xx.o
                0x00000d6c                operator delete(void*)
 .text.SystemInit
                0x00000d70       0xd0 C:/Mywork/mbed_program/High-V_INV-MC/MyProgram/mbed/TARGET_LPC1768/TOOLCHAIN_GCC_CR/system_LPC17xx.o
                0x00000d70                SystemInit
 .text.serial_irq_set_internal
                0x00000e40       0xe8 C:\Mywork\mbed_program\High-V_INV-MC\MyProgram\mbed\TARGET_LPC1768\TOOLCHAIN_GCC_CR\libmbed.a(serial_api.o)
 .text.uart0_irq
                0x00000f28       0x60 C:\Mywork\mbed_program\High-V_INV-MC\MyProgram\mbed\TARGET_LPC1768\TOOLCHAIN_GCC_CR\libmbed.a(serial_api.o)
                0x00000f28                uart0_irq
 .text.uart3_irq
                0x00000f88       0x68 C:\Mywork\mbed_program\High-V_INV-MC\MyProgram\mbed\TARGET_LPC1768\TOOLCHAIN_GCC_CR\libmbed.a(serial_api.o)
                0x00000f88                uart3_irq
 .text.uart2_irq
                0x00000ff0       0x64 C:\Mywork\mbed_program\High-V_INV-MC\MyProgram\mbed\TARGET_LPC1768\TOOLCHAIN_GCC_CR\libmbed.a(serial_api.o)
                0x00000ff0                uart2_irq
 .text.uart1_irq
                0x00001054       0x60 C:\Mywork\mbed_program\High-V_INV-MC\MyProgram\mbed\TARGET_LPC1768\TOOLCHAIN_GCC_CR\libmbed.a(serial_api.o)
                0x00001054                uart1_irq
 .text.serial_baud
                0x000010b4      0x3a8 C:\Mywork\mbed_program\High-V_INV-MC\MyProgram\mbed\TARGET_LPC1768\TOOLCHAIN_GCC_CR\libmbed.a(serial_api.o)
                0x000010b4                serial_baud
 .text.serial_format
                0x0000145c       0x7c C:\Mywork\mbed_program\High-V_INV-MC\MyProgram\mbed\TARGET_LPC1768\TOOLCHAIN_GCC_CR\libmbed.a(serial_api.o)
                0x0000145c                serial_format
 .text.serial_getc
                0x000014d8       0x34 C:\Mywork\mbed_program\High-V_INV-MC\MyProgram\mbed\TARGET_LPC1768\TOOLCHAIN_GCC_CR\libmbed.a(serial_api.o)
                0x000014d8                serial_getc
 .text.serial_writable
                0x0000150c       0x78 C:\Mywork\mbed_program\High-V_INV-MC\MyProgram\mbed\TARGET_LPC1768\TOOLCHAIN_GCC_CR\libmbed.a(serial_api.o)
                0x0000150c                serial_writable
 .text.serial_putc
                0x00001584       0x34 C:\Mywork\mbed_program\High-V_INV-MC\MyProgram\mbed\TARGET_LPC1768\TOOLCHAIN_GCC_CR\libmbed.a(serial_api.o)
                0x00001584                serial_putc
 .text.serial_set_flow_control
                0x000015b8      0x140 C:\Mywork\mbed_program\High-V_INV-MC\MyProgram\mbed\TARGET_LPC1768\TOOLCHAIN_GCC_CR\libmbed.a(serial_api.o)
                0x000015b8                serial_set_flow_control
 .text.serial_init
                0x000016f8      0x1ec C:\Mywork\mbed_program\High-V_INV-MC\MyProgram\mbed\TARGET_LPC1768\TOOLCHAIN_GCC_CR\libmbed.a(serial_api.o)
                0x000016f8                serial_init
 .text._ZN4mbed6BusOutD2Ev
                0x000018e4       0x90 C:\Mywork\mbed_program\High-V_INV-MC\MyProgram\mbed\TARGET_LPC1768\TOOLCHAIN_GCC_CR\libmbed.a(BusOut.o)
                0x000018e4                mbed::BusOut::~BusOut()
                0x000018e4                mbed::BusOut::~BusOut()
 .text._ZN4mbed6BusOutD0Ev
                0x00001974       0x14 C:\Mywork\mbed_program\High-V_INV-MC\MyProgram\mbed\TARGET_LPC1768\TOOLCHAIN_GCC_CR\libmbed.a(BusOut.o)
                0x00001974                mbed::BusOut::~BusOut()
 .text._ZN4mbed6BusOutC2E7PinNameS1_S1_S1_S1_S1_S1_S1_S1_S1_S1_S1_S1_S1_S1_S1_
                0x00001988      0x360 C:\Mywork\mbed_program\High-V_INV-MC\MyProgram\mbed\TARGET_LPC1768\TOOLCHAIN_GCC_CR\libmbed.a(BusOut.o)
                0x00001988                mbed::BusOut::BusOut(PinName, PinName, PinName, PinName, PinName, PinName, PinName, PinName, PinName, PinName, PinName, PinName, PinName, PinName, PinName, PinName)
                0x00001988                mbed::BusOut::BusOut(PinName, PinName, PinName, PinName, PinName, PinName, PinName, PinName, PinName, PinName, PinName, PinName, PinName, PinName, PinName, PinName)
 .text._ZN4mbed6BusOut5writeEi
                0x00001ce8      0x354 C:\Mywork\mbed_program\High-V_INV-MC\MyProgram\mbed\TARGET_LPC1768\TOOLCHAIN_GCC_CR\libmbed.a(BusOut.o)
                0x00001ce8                mbed::BusOut::write(int)
 .text._ZN4mbed6BusOut4readEv
                0x0000203c      0x298 C:\Mywork\mbed_program\High-V_INV-MC\MyProgram\mbed\TARGET_LPC1768\TOOLCHAIN_GCC_CR\libmbed.a(BusOut.o)
                0x0000203c                mbed::BusOut::read()
 .text._ZN4mbed6BusOutaSEi
                0x000022d4        0xc C:\Mywork\mbed_program\High-V_INV-MC\MyProgram\mbed\TARGET_LPC1768\TOOLCHAIN_GCC_CR\libmbed.a(BusOut.o)
                0x000022d4                mbed::BusOut::operator=(int)
 .text._ZN4mbed6BusOutcviEv
                0x000022e0        0x4 C:\Mywork\mbed_program\High-V_INV-MC\MyProgram\mbed\TARGET_LPC1768\TOOLCHAIN_GCC_CR\libmbed.a(BusOut.o)
                0x000022e0                mbed::BusOut::operator int()
 .text._ZN4mbed15FunctionPointerC2EPFvvE
                0x000022e4        0xc C:\Mywork\mbed_program\High-V_INV-MC\MyProgram\mbed\TARGET_LPC1768\TOOLCHAIN_GCC_CR\libmbed.a(FunctionPointer.o)
                0x000022e4                mbed::FunctionPointer::FunctionPointer(void (*)())
                0x000022e4                mbed::FunctionPointer::FunctionPointer(void (*)())
 .text._ZN4mbed15FunctionPointer6attachEPFvvE
                0x000022f0        0x8 C:\Mywork\mbed_program\High-V_INV-MC\MyProgram\mbed\TARGET_LPC1768\TOOLCHAIN_GCC_CR\libmbed.a(FunctionPointer.o)
                0x000022f0                mbed::FunctionPointer::attach(void (*)())
 .text._ZN4mbed15FunctionPointer4callEv
                0x000022f8       0x1c C:\Mywork\mbed_program\High-V_INV-MC\MyProgram\mbed\TARGET_LPC1768\TOOLCHAIN_GCC_CR\libmbed.a(FunctionPointer.o)
                0x000022f8                mbed::FunctionPointer::call()
 .text._ZN4mbed11InterruptIn12_irq_handlerEm14gpio_irq_event
                0x00002314       0x18 C:\Mywork\mbed_program\High-V_INV-MC\MyProgram\mbed\TARGET_LPC1768\TOOLCHAIN_GCC_CR\libmbed.a(InterruptIn.o)
                0x00002314                mbed::InterruptIn::_irq_handler(unsigned long, gpio_irq_event)
 .text._ZN4mbed11InterruptInD2Ev
                0x0000232c       0x18 C:\Mywork\mbed_program\High-V_INV-MC\MyProgram\mbed\TARGET_LPC1768\TOOLCHAIN_GCC_CR\libmbed.a(InterruptIn.o)
                0x0000232c                mbed::InterruptIn::~InterruptIn()
                0x0000232c                mbed::InterruptIn::~InterruptIn()
 .text._ZN4mbed11InterruptInD0Ev
                0x00002344       0x1c C:\Mywork\mbed_program\High-V_INV-MC\MyProgram\mbed\TARGET_LPC1768\TOOLCHAIN_GCC_CR\libmbed.a(InterruptIn.o)
                0x00002344                mbed::InterruptIn::~InterruptIn()
 .text._ZN4mbed11InterruptInC2E7PinName
                0x00002360       0x58 C:\Mywork\mbed_program\High-V_INV-MC\MyProgram\mbed\TARGET_LPC1768\TOOLCHAIN_GCC_CR\libmbed.a(InterruptIn.o)
                0x00002360                mbed::InterruptIn::InterruptIn(PinName)
                0x00002360                mbed::InterruptIn::InterruptIn(PinName)
 .text._ZN4mbed11InterruptIn4riseEPFvvE
                0x000023b8       0x30 C:\Mywork\mbed_program\High-V_INV-MC\MyProgram\mbed\TARGET_LPC1768\TOOLCHAIN_GCC_CR\libmbed.a(InterruptIn.o)
                0x000023b8                mbed::InterruptIn::rise(void (*)())
 .text._ZN4mbed6Ticker7handlerEv
                0x000023e8       0x28 C:\Mywork\mbed_program\High-V_INV-MC\MyProgram\mbed\TARGET_LPC1768\TOOLCHAIN_GCC_CR\libmbed.a(Ticker.o)
                0x000023e8                mbed::Ticker::handler()
 .text._ZN4mbed6Ticker6detachEv
                0x00002410       0x18 C:\Mywork\mbed_program\High-V_INV-MC\MyProgram\mbed\TARGET_LPC1768\TOOLCHAIN_GCC_CR\libmbed.a(Ticker.o)
                0x00002410                mbed::Ticker::detach()
 .text._ZN4mbed6Ticker5setupEy
                0x00002428       0x24 C:\Mywork\mbed_program\High-V_INV-MC\MyProgram\mbed\TARGET_LPC1768\TOOLCHAIN_GCC_CR\libmbed.a(Ticker.o)
                0x00002428                mbed::Ticker::setup(unsigned long long)
 .text._ZN4mbed10TimerEvent3irqEm
                0x0000244c        0xc C:\Mywork\mbed_program\High-V_INV-MC\MyProgram\mbed\TARGET_LPC1768\TOOLCHAIN_GCC_CR\libmbed.a(TimerEvent.o)
                0x0000244c                mbed::TimerEvent::irq(unsigned long)
 .text._ZN4mbed10TimerEventD2Ev
                0x00002458       0x18 C:\Mywork\mbed_program\High-V_INV-MC\MyProgram\mbed\TARGET_LPC1768\TOOLCHAIN_GCC_CR\libmbed.a(TimerEvent.o)
                0x00002458                mbed::TimerEvent::~TimerEvent()
                0x00002458                mbed::TimerEvent::~TimerEvent()
 .text._ZN4mbed10TimerEventD0Ev
                0x00002470       0x1c C:\Mywork\mbed_program\High-V_INV-MC\MyProgram\mbed\TARGET_LPC1768\TOOLCHAIN_GCC_CR\libmbed.a(TimerEvent.o)
                0x00002470                mbed::TimerEvent::~TimerEvent()
 .text._ZN4mbed10TimerEventC2Ev
                0x0000248c       0x2c C:\Mywork\mbed_program\High-V_INV-MC\MyProgram\mbed\TARGET_LPC1768\TOOLCHAIN_GCC_CR\libmbed.a(TimerEvent.o)
                0x0000248c                mbed::TimerEvent::TimerEvent()
                0x0000248c                mbed::TimerEvent::TimerEvent()
 .text._ZN4mbed10TimerEvent6insertEy
                0x000024b8       0x14 C:\Mywork\mbed_program\High-V_INV-MC\MyProgram\mbed\TARGET_LPC1768\TOOLCHAIN_GCC_CR\libmbed.a(TimerEvent.o)
                0x000024b8                mbed::TimerEvent::insert(unsigned long long)
 .text._ZN4mbed10TimerEvent6removeEv
                0x000024cc        0x8 C:\Mywork\mbed_program\High-V_INV-MC\MyProgram\mbed\TARGET_LPC1768\TOOLCHAIN_GCC_CR\libmbed.a(TimerEvent.o)
                0x000024cc                mbed::TimerEvent::remove()
 .text._ZN4mbed5Timer5startEv
                0x000024d4       0x14 C:\Mywork\mbed_program\High-V_INV-MC\MyProgram\mbed\TARGET_LPC1768\TOOLCHAIN_GCC_CR\libmbed.a(Timer.o)
                0x000024d4                mbed::Timer::start()
 .text._ZN4mbed5Timer9slicetimeEv
                0x000024e8       0x14 C:\Mywork\mbed_program\High-V_INV-MC\MyProgram\mbed\TARGET_LPC1768\TOOLCHAIN_GCC_CR\libmbed.a(Timer.o)
                0x000024e8                mbed::Timer::slicetime()
 .text._ZN4mbed5Timer7read_usEv
                0x000024fc        0xc C:\Mywork\mbed_program\High-V_INV-MC\MyProgram\mbed\TARGET_LPC1768\TOOLCHAIN_GCC_CR\libmbed.a(Timer.o)
                0x000024fc                mbed::Timer::read_us()
 .text._ZN4mbed5Timer5resetEv
                0x00002508       0x10 C:\Mywork\mbed_program\High-V_INV-MC\MyProgram\mbed\TARGET_LPC1768\TOOLCHAIN_GCC_CR\libmbed.a(Timer.o)
                0x00002508                mbed::Timer::reset()
 .text._ZN4mbed5TimerC2Ev
                0x00002518       0x14 C:\Mywork\mbed_program\High-V_INV-MC\MyProgram\mbed\TARGET_LPC1768\TOOLCHAIN_GCC_CR\libmbed.a(Timer.o)
                0x00002518                mbed::Timer::Timer()
                0x00002518                mbed::Timer::Timer()
 .text.mbed_assert_internal
                0x0000252c       0x34 C:\Mywork\mbed_program\High-V_INV-MC\MyProgram\mbed\TARGET_LPC1768\TOOLCHAIN_GCC_CR\libmbed.a(assert.o)
                0x0000252c                mbed_assert_internal
 .text.error    0x00002560       0x24 C:\Mywork\mbed_program\High-V_INV-MC\MyProgram\mbed\TARGET_LPC1768\TOOLCHAIN_GCC_CR\libmbed.a(error.o)
                0x00002560                error
 .text.gpio_init_in_ex
                0x00002584       0x28 C:\Mywork\mbed_program\High-V_INV-MC\MyProgram\mbed\TARGET_LPC1768\TOOLCHAIN_GCC_CR\libmbed.a(gpio.o)
                0x00002584                gpio_init_in_ex
 .text.gpio_init_in
                0x000025ac        0x8 C:\Mywork\mbed_program\High-V_INV-MC\MyProgram\mbed\TARGET_LPC1768\TOOLCHAIN_GCC_CR\libmbed.a(gpio.o)
                0x000025ac                gpio_init_in
 .text.gpio_init_out_ex
                0x000025b4       0x54 C:\Mywork\mbed_program\High-V_INV-MC\MyProgram\mbed\TARGET_LPC1768\TOOLCHAIN_GCC_CR\libmbed.a(gpio.o)
                0x000025b4                gpio_init_out_ex
 .text.gpio_init_out
                0x00002608        0x8 C:\Mywork\mbed_program\High-V_INV-MC\MyProgram\mbed\TARGET_LPC1768\TOOLCHAIN_GCC_CR\libmbed.a(gpio.o)
                0x00002608                gpio_init_out
 .text.exit     0x00002610       0x30 C:\Mywork\mbed_program\High-V_INV-MC\MyProgram\mbed\TARGET_LPC1768\TOOLCHAIN_GCC_CR\libmbed.a(exit.o)
                0x00002610                exit
 .text.mbed_interface_connected
                0x00002640        0x4 C:\Mywork\mbed_program\High-V_INV-MC\MyProgram\mbed\TARGET_LPC1768\TOOLCHAIN_GCC_CR\libmbed.a(mbed_interface.o)
                0x00002640                mbed_interface_connected
 .text.pinmap_pinout
                0x00002644       0x50 C:\Mywork\mbed_program\High-V_INV-MC\MyProgram\mbed\TARGET_LPC1768\TOOLCHAIN_GCC_CR\libmbed.a(pinmap_common.o)
                0x00002644                pinmap_pinout
 .text.pinmap_merge
                0x00002694       0x24 C:\Mywork\mbed_program\High-V_INV-MC\MyProgram\mbed\TARGET_LPC1768\TOOLCHAIN_GCC_CR\libmbed.a(pinmap_common.o)
                0x00002694                pinmap_merge
 .text.pinmap_find_peripheral
                0x000026b8       0x30 C:\Mywork\mbed_program\High-V_INV-MC\MyProgram\mbed\TARGET_LPC1768\TOOLCHAIN_GCC_CR\libmbed.a(pinmap_common.o)
                0x000026b8                pinmap_find_peripheral
 .text.pinmap_peripheral
                0x000026e8       0x40 C:\Mywork\mbed_program\High-V_INV-MC\MyProgram\mbed\TARGET_LPC1768\TOOLCHAIN_GCC_CR\libmbed.a(pinmap_common.o)
                0x000026e8                pinmap_peripheral
 .text.us_ticker_set_handler
                0x00002728       0x14 C:\Mywork\mbed_program\High-V_INV-MC\MyProgram\mbed\TARGET_LPC1768\TOOLCHAIN_GCC_CR\libmbed.a(us_ticker_api.o)
                0x00002728                us_ticker_set_handler
 .text.us_ticker_irq_handler
                0x0000273c       0x4c C:\Mywork\mbed_program\High-V_INV-MC\MyProgram\mbed\TARGET_LPC1768\TOOLCHAIN_GCC_CR\libmbed.a(us_ticker_api.o)
                0x0000273c                us_ticker_irq_handler
 .text.us_ticker_insert_event
                0x00002788       0x68 C:\Mywork\mbed_program\High-V_INV-MC\MyProgram\mbed\TARGET_LPC1768\TOOLCHAIN_GCC_CR\libmbed.a(us_ticker_api.o)
                0x00002788                us_ticker_insert_event
 .text.us_ticker_remove_event
                0x000027f0       0x4c C:\Mywork\mbed_program\High-V_INV-MC\MyProgram\mbed\TARGET_LPC1768\TOOLCHAIN_GCC_CR\libmbed.a(us_ticker_api.o)
                0x000027f0                us_ticker_remove_event
 .text.wait_us  0x0000283c       0x18 C:\Mywork\mbed_program\High-V_INV-MC\MyProgram\mbed\TARGET_LPC1768\TOOLCHAIN_GCC_CR\libmbed.a(wait_api.o)
                0x0000283c                wait_us
 .text.wait_ms  0x00002854        0xc C:\Mywork\mbed_program\High-V_INV-MC\MyProgram\mbed\TARGET_LPC1768\TOOLCHAIN_GCC_CR\libmbed.a(wait_api.o)
                0x00002854                wait_ms
 .text.wait     0x00002860       0x1c C:\Mywork\mbed_program\High-V_INV-MC\MyProgram\mbed\TARGET_LPC1768\TOOLCHAIN_GCC_CR\libmbed.a(wait_api.o)
                0x00002860                wait
 .text.semihost_exit
                0x0000287c       0x18 C:\Mywork\mbed_program\High-V_INV-MC\MyProgram\mbed\TARGET_LPC1768\TOOLCHAIN_GCC_CR\libmbed.a(semihost_api.o)
                0x0000287c                semihost_exit
 .text.semihost_connected
                0x00002894       0x10 C:\Mywork\mbed_program\High-V_INV-MC\MyProgram\mbed\TARGET_LPC1768\TOOLCHAIN_GCC_CR\libmbed.a(semihost_api.o)
                0x00002894                semihost_connected
 .text.gpio_set
                0x000028a4       0x44 C:\Mywork\mbed_program\High-V_INV-MC\MyProgram\mbed\TARGET_LPC1768\TOOLCHAIN_GCC_CR\libmbed.a(gpio_api.o)
                0x000028a4                gpio_set
 .text.gpio_init
                0x000028e8       0x30 C:\Mywork\mbed_program\High-V_INV-MC\MyProgram\mbed\TARGET_LPC1768\TOOLCHAIN_GCC_CR\libmbed.a(gpio_api.o)
                0x000028e8                gpio_init
 .text.gpio_mode
                0x00002918        0x8 C:\Mywork\mbed_program\High-V_INV-MC\MyProgram\mbed\TARGET_LPC1768\TOOLCHAIN_GCC_CR\libmbed.a(gpio_api.o)
                0x00002918                gpio_mode
 .text.gpio_dir
                0x00002920       0x44 C:\Mywork\mbed_program\High-V_INV-MC\MyProgram\mbed\TARGET_LPC1768\TOOLCHAIN_GCC_CR\libmbed.a(gpio_api.o)
                0x00002920                gpio_dir
 .text.pin_function
                0x00002964       0x5c C:\Mywork\mbed_program\High-V_INV-MC\MyProgram\mbed\TARGET_LPC1768\TOOLCHAIN_GCC_CR\libmbed.a(pinmap.o)
                0x00002964                pin_function
 .text.pin_mode
                0x000029c0       0x88 C:\Mywork\mbed_program\High-V_INV-MC\MyProgram\mbed\TARGET_LPC1768\TOOLCHAIN_GCC_CR\libmbed.a(pinmap.o)
                0x000029c0                pin_mode
 .text.handle_interrupt_in
                0x00002a48      0x154 C:\Mywork\mbed_program\High-V_INV-MC\MyProgram\mbed\TARGET_LPC1768\TOOLCHAIN_GCC_CR\libmbed.a(gpio_irq_api.o)
 .text.gpio_irq_init
                0x00002b9c       0x78 C:\Mywork\mbed_program\High-V_INV-MC\MyProgram\mbed\TARGET_LPC1768\TOOLCHAIN_GCC_CR\libmbed.a(gpio_irq_api.o)
                0x00002b9c                gpio_irq_init
 .text.gpio_irq_free
                0x00002c14       0x14 C:\Mywork\mbed_program\High-V_INV-MC\MyProgram\mbed\TARGET_LPC1768\TOOLCHAIN_GCC_CR\libmbed.a(gpio_irq_api.o)
                0x00002c14                gpio_irq_free
 .text.gpio_irq_set
                0x00002c28      0x164 C:\Mywork\mbed_program\High-V_INV-MC\MyProgram\mbed\TARGET_LPC1768\TOOLCHAIN_GCC_CR\libmbed.a(gpio_irq_api.o)
                0x00002c28                gpio_irq_set
 .text.us_ticker_init
                0x00002d8c       0x74 C:\Mywork\mbed_program\High-V_INV-MC\MyProgram\mbed\TARGET_LPC1768\TOOLCHAIN_GCC_CR\libmbed.a(us_ticker.o)
                0x00002d8c                us_ticker_init
 .text.us_ticker_read
                0x00002e00       0x1c C:\Mywork\mbed_program\High-V_INV-MC\MyProgram\mbed\TARGET_LPC1768\TOOLCHAIN_GCC_CR\libmbed.a(us_ticker.o)
                0x00002e00                us_ticker_read
 .text.us_ticker_set_interrupt
                0x00002e1c       0x14 C:\Mywork\mbed_program\High-V_INV-MC\MyProgram\mbed\TARGET_LPC1768\TOOLCHAIN_GCC_CR\libmbed.a(us_ticker.o)
                0x00002e1c                us_ticker_set_interrupt
 .text.us_ticker_disable_interrupt
                0x00002e30       0x14 C:\Mywork\mbed_program\High-V_INV-MC\MyProgram\mbed\TARGET_LPC1768\TOOLCHAIN_GCC_CR\libmbed.a(us_ticker.o)
                0x00002e30                us_ticker_disable_interrupt
 .text.us_ticker_clear_interrupt
                0x00002e44       0x10 C:\Mywork\mbed_program\High-V_INV-MC\MyProgram\mbed\TARGET_LPC1768\TOOLCHAIN_GCC_CR\libmbed.a(us_ticker.o)
                0x00002e44                us_ticker_clear_interrupt
 .text          0x00002e54      0x370 c:/nxp/lpcxpresso_8.2.2_650/lpcxpresso/tools/bin/../lib/gcc/arm-none-eabi/5.4.1/armv7-m\libgcc.a(_arm_addsubdf3.o)
                0x00002e54                __aeabi_drsub
                0x00002e5c                __aeabi_dsub
                0x00002e5c                __subdf3
                0x00002e60                __aeabi_dadd
                0x00002e60                __adddf3
                0x000030d8                __floatunsidf
                0x000030d8                __aeabi_ui2d
                0x000030f8                __floatsidf
                0x000030f8                __aeabi_i2d
                0x0000311c                __aeabi_f2d
                0x0000311c                __extendsfdf2
                0x00003158                __floatundidf
                0x00003158                __aeabi_ul2d
                0x00003168                __floatdidf
                0x00003168                __aeabi_l2d
 .text          0x000031c4       0x50 c:/nxp/lpcxpresso_8.2.2_650/lpcxpresso/tools/bin/../lib/gcc/arm-none-eabi/5.4.1/armv7-m\libgcc.a(_arm_fixdfsi.o)
                0x000031c4                __aeabi_d2iz
                0x000031c4                __fixdfsi
 .text          0x00003214      0x2a0 c:/nxp/lpcxpresso_8.2.2_650/lpcxpresso/tools/bin/../lib/gcc/arm-none-eabi/5.4.1/armv7-m\libgcc.a(_arm_muldivsf3.o)
                0x00003214                __mulsf3
                0x00003214                __aeabi_fmul
                0x0000337c                __aeabi_fdiv
                0x0000337c                __divsf3
 .text          0x000034b4       0x4c c:/nxp/lpcxpresso_8.2.2_650/lpcxpresso/tools/bin/../lib/gcc/arm-none-eabi/5.4.1/armv7-m\libgcc.a(_arm_fixsfsi.o)
                0x000034b4                __aeabi_f2iz
                0x000034b4                __fixsfsi
 .text          0x00003500       0x30 c:/nxp/lpcxpresso_8.2.2_650/lpcxpresso/tools/bin/../lib/gcc/arm-none-eabi/5.4.1/armv7-m\libgcc.a(_aeabi_uldivmod.o)
                0x00003500                __aeabi_uldivmod
 .text          0x00003530      0x2ec c:/nxp/lpcxpresso_8.2.2_650/lpcxpresso/tools/bin/../lib/gcc/arm-none-eabi/5.4.1/armv7-m\libgcc.a(_udivmoddi4.o)
                0x00003530                __udivmoddi4
 .text          0x0000381c        0x4 c:/nxp/lpcxpresso_8.2.2_650/lpcxpresso/tools/bin/../lib/gcc/arm-none-eabi/5.4.1/armv7-m\libgcc.a(_dvmd_tls.o)
                0x0000381c                __aeabi_idiv0
                0x0000381c                __aeabi_ldiv0
 .text.abs      0x00003820        0x8 c:/nxp/lpcxpresso_8.2.2_650/lpcxpresso/tools/bin/../lib/gcc/arm-none-eabi/5.4.1/../../../../arm-none-eabi/lib/armv7-m\libc.a(lib_a-abs.o)
                0x00003820                abs
 .text.__errno  0x00003828        0xc c:/nxp/lpcxpresso_8.2.2_650/lpcxpresso/tools/bin/../lib/gcc/arm-none-eabi/5.4.1/../../../../arm-none-eabi/lib/armv7-m\libc.a(lib_a-errno.o)
                0x00003828                __errno
 .text._fclose_r
                0x00003834       0x84 c:/nxp/lpcxpresso_8.2.2_650/lpcxpresso/tools/bin/../lib/gcc/arm-none-eabi/5.4.1/../../../../arm-none-eabi/lib/armv7-m\libc.a(lib_a-fclose.o)
                0x00003834                _fclose_r
 .text.__sflush_r
                0x000038b8      0x148 c:/nxp/lpcxpresso_8.2.2_650/lpcxpresso/tools/bin/../lib/gcc/arm-none-eabi/5.4.1/../../../../arm-none-eabi/lib/armv7-m\libc.a(lib_a-fflush.o)
                0x000038b8                __sflush_r
 .text._fflush_r
                0x00003a00       0x2c c:/nxp/lpcxpresso_8.2.2_650/lpcxpresso/tools/bin/../lib/gcc/arm-none-eabi/5.4.1/../../../../arm-none-eabi/lib/armv7-m\libc.a(lib_a-fflush.o)
                0x00003a00                _fflush_r
 .text.fflush   0x00003a2c       0x24 c:/nxp/lpcxpresso_8.2.2_650/lpcxpresso/tools/bin/../lib/gcc/arm-none-eabi/5.4.1/../../../../arm-none-eabi/lib/armv7-m\libc.a(lib_a-fflush.o)
                0x00003a2c                fflush
 .text._cleanup_r
                0x00003a50        0xc c:/nxp/lpcxpresso_8.2.2_650/lpcxpresso/tools/bin/../lib/gcc/arm-none-eabi/5.4.1/../../../../arm-none-eabi/lib/armv7-m\libc.a(lib_a-findfp.o)
                0x00003a50                _cleanup_r
 .text.__sinit.part.1
                0x00003a5c       0xf0 c:/nxp/lpcxpresso_8.2.2_650/lpcxpresso/tools/bin/../lib/gcc/arm-none-eabi/5.4.1/../../../../arm-none-eabi/lib/armv7-m\libc.a(lib_a-findfp.o)
 .text.__sinit  0x00003b4c        0xc c:/nxp/lpcxpresso_8.2.2_650/lpcxpresso/tools/bin/../lib/gcc/arm-none-eabi/5.4.1/../../../../arm-none-eabi/lib/armv7-m\libc.a(lib_a-findfp.o)
                0x00003b4c                __sinit
 .text.__sfp_lock_acquire
                0x00003b58        0x4 c:/nxp/lpcxpresso_8.2.2_650/lpcxpresso/tools/bin/../lib/gcc/arm-none-eabi/5.4.1/../../../../arm-none-eabi/lib/armv7-m\libc.a(lib_a-findfp.o)
                0x00003b58                __sfp_lock_acquire
 .text.__sfp_lock_release
                0x00003b5c        0x4 c:/nxp/lpcxpresso_8.2.2_650/lpcxpresso/tools/bin/../lib/gcc/arm-none-eabi/5.4.1/../../../../arm-none-eabi/lib/armv7-m\libc.a(lib_a-findfp.o)
                0x00003b5c                __sfp_lock_release
 .text.fprintf  0x00003b60       0x28 c:/nxp/lpcxpresso_8.2.2_650/lpcxpresso/tools/bin/../lib/gcc/arm-none-eabi/5.4.1/../../../../arm-none-eabi/lib/armv7-m\libc.a(lib_a-fprintf.o)
                0x00003b60                fprintf
 .text._malloc_trim_r
                0x00003b88       0x9c c:/nxp/lpcxpresso_8.2.2_650/lpcxpresso/tools/bin/../lib/gcc/arm-none-eabi/5.4.1/../../../../arm-none-eabi/lib/armv7-m\libc.a(lib_a-freer.o)
                0x00003b88                _malloc_trim_r
 .text._free_r  0x00003c24      0x1d0 c:/nxp/lpcxpresso_8.2.2_650/lpcxpresso/tools/bin/../lib/gcc/arm-none-eabi/5.4.1/../../../../arm-none-eabi/lib/armv7-m\libc.a(lib_a-freer.o)
                0x00003c24                _free_r
 .text._fstat_r
                0x00003df4       0x28 c:/nxp/lpcxpresso_8.2.2_650/lpcxpresso/tools/bin/../lib/gcc/arm-none-eabi/5.4.1/../../../../arm-none-eabi/lib/armv7-m\libc.a(lib_a-fstatr.o)
                0x00003df4                _fstat_r
 .text.__sfvwrite_r
                0x00003e1c      0x308 c:/nxp/lpcxpresso_8.2.2_650/lpcxpresso/tools/bin/../lib/gcc/arm-none-eabi/5.4.1/../../../../arm-none-eabi/lib/armv7-m\libc.a(lib_a-fvwrite.o)
                0x00003e1c                __sfvwrite_r
 .text._fwalk_reent
                0x00004124       0x50 c:/nxp/lpcxpresso_8.2.2_650/lpcxpresso/tools/bin/../lib/gcc/arm-none-eabi/5.4.1/../../../../arm-none-eabi/lib/armv7-m\libc.a(lib_a-fwalk.o)
                0x00004124                _fwalk_reent
 .text.__libc_init_array
                0x00004174       0x50 c:/nxp/lpcxpresso_8.2.2_650/lpcxpresso/tools/bin/../lib/gcc/arm-none-eabi/5.4.1/../../../../arm-none-eabi/lib/armv7-m\libc.a(lib_a-init.o)
                0x00004174                __libc_init_array
 .text.__swhatbuf_r
                0x000041c4       0x60 c:/nxp/lpcxpresso_8.2.2_650/lpcxpresso/tools/bin/../lib/gcc/arm-none-eabi/5.4.1/../../../../arm-none-eabi/lib/armv7-m\libc.a(lib_a-makebuf.o)
                0x000041c4                __swhatbuf_r
 .text.__smakebuf_r
                0x00004224       0x88 c:/nxp/lpcxpresso_8.2.2_650/lpcxpresso/tools/bin/../lib/gcc/arm-none-eabi/5.4.1/../../../../arm-none-eabi/lib/armv7-m\libc.a(lib_a-makebuf.o)
                0x00004224                __smakebuf_r
 .text.malloc   0x000042ac       0x10 c:/nxp/lpcxpresso_8.2.2_650/lpcxpresso/tools/bin/../lib/gcc/arm-none-eabi/5.4.1/../../../../arm-none-eabi/lib/armv7-m\libc.a(lib_a-malloc.o)
                0x000042ac                malloc
 .text.free     0x000042bc       0x10 c:/nxp/lpcxpresso_8.2.2_650/lpcxpresso/tools/bin/../lib/gcc/arm-none-eabi/5.4.1/../../../../arm-none-eabi/lib/armv7-m\libc.a(lib_a-malloc.o)
                0x000042bc                free
 .text._malloc_r
                0x000042cc      0x558 c:/nxp/lpcxpresso_8.2.2_650/lpcxpresso/tools/bin/../lib/gcc/arm-none-eabi/5.4.1/../../../../arm-none-eabi/lib/armv7-m\libc.a(lib_a-mallocr.o)
                0x000042cc                _malloc_r
 .text.memchr   0x00004824       0x8c c:/nxp/lpcxpresso_8.2.2_650/lpcxpresso/tools/bin/../lib/gcc/arm-none-eabi/5.4.1/../../../../arm-none-eabi/lib/armv7-m\libc.a(lib_a-memchr-stub.o)
                0x00004824                memchr
 .text          0x000048b0       0xec c:/nxp/lpcxpresso_8.2.2_650/lpcxpresso/tools/bin/../lib/gcc/arm-none-eabi/5.4.1/../../../../arm-none-eabi/lib/armv7-m\libc.a(lib_a-memcpy.o)
                0x000048b0                memcpy
 .text.memmove  0x0000499c       0xc8 c:/nxp/lpcxpresso_8.2.2_650/lpcxpresso/tools/bin/../lib/gcc/arm-none-eabi/5.4.1/../../../../arm-none-eabi/lib/armv7-m\libc.a(lib_a-memmove.o)
                0x0000499c                memmove
 .text.memset   0x00004a64       0x9c c:/nxp/lpcxpresso_8.2.2_650/lpcxpresso/tools/bin/../lib/gcc/arm-none-eabi/5.4.1/../../../../arm-none-eabi/lib/armv7-m\libc.a(lib_a-memset.o)
                0x00004a64                memset
 .text.__malloc_lock
                0x00004b00        0x4 c:/nxp/lpcxpresso_8.2.2_650/lpcxpresso/tools/bin/../lib/gcc/arm-none-eabi/5.4.1/../../../../arm-none-eabi/lib/armv7-m\libc.a(lib_a-mlock.o)
                0x00004b00                __malloc_lock
 .text.__malloc_unlock
                0x00004b04        0x4 c:/nxp/lpcxpresso_8.2.2_650/lpcxpresso/tools/bin/../lib/gcc/arm-none-eabi/5.4.1/../../../../arm-none-eabi/lib/armv7-m\libc.a(lib_a-mlock.o)
                0x00004b04                __malloc_unlock
 .text._realloc_r
                0x00004b08      0x3d4 c:/nxp/lpcxpresso_8.2.2_650/lpcxpresso/tools/bin/../lib/gcc/arm-none-eabi/5.4.1/../../../../arm-none-eabi/lib/armv7-m\libc.a(lib_a-reallocr.o)
                0x00004b08                _realloc_r
 .text._sbrk_r  0x00004edc       0x24 c:/nxp/lpcxpresso_8.2.2_650/lpcxpresso/tools/bin/../lib/gcc/arm-none-eabi/5.4.1/../../../../arm-none-eabi/lib/armv7-m\libc.a(lib_a-sbrkr.o)
                0x00004edc                _sbrk_r
 .text.__sread  0x00004f00       0x24 c:/nxp/lpcxpresso_8.2.2_650/lpcxpresso/tools/bin/../lib/gcc/arm-none-eabi/5.4.1/../../../../arm-none-eabi/lib/armv7-m\libc.a(lib_a-stdio.o)
                0x00004f00                __sread
 .text.__swrite
                0x00004f24       0x3c c:/nxp/lpcxpresso_8.2.2_650/lpcxpresso/tools/bin/../lib/gcc/arm-none-eabi/5.4.1/../../../../arm-none-eabi/lib/armv7-m\libc.a(lib_a-stdio.o)
                0x00004f24                __swrite
 .text.__sseek  0x00004f60       0x20 c:/nxp/lpcxpresso_8.2.2_650/lpcxpresso/tools/bin/../lib/gcc/arm-none-eabi/5.4.1/../../../../arm-none-eabi/lib/armv7-m\libc.a(lib_a-stdio.o)
                0x00004f60                __sseek
 .text.__sclose
                0x00004f80        0x8 c:/nxp/lpcxpresso_8.2.2_650/lpcxpresso/tools/bin/../lib/gcc/arm-none-eabi/5.4.1/../../../../arm-none-eabi/lib/armv7-m\libc.a(lib_a-stdio.o)
                0x00004f80                __sclose
 .text.strlen   0x00004f88       0x5c c:/nxp/lpcxpresso_8.2.2_650/lpcxpresso/tools/bin/../lib/gcc/arm-none-eabi/5.4.1/../../../../arm-none-eabi/lib/armv7-m\libc.a(lib_a-strlen-stub.o)
                0x00004f88                strlen
 .text._vfprintf_r
                0x00004fe4     0x1788 c:/nxp/lpcxpresso_8.2.2_650/lpcxpresso/tools/bin/../lib/gcc/arm-none-eabi/5.4.1/../../../../arm-none-eabi/lib/armv7-m\libc.a(lib_a-vfprintf.o)
                0x00004fe4                _vfprintf_r
 .text.vfprintf
                0x0000676c       0x18 c:/nxp/lpcxpresso_8.2.2_650/lpcxpresso/tools/bin/../lib/gcc/arm-none-eabi/5.4.1/../../../../arm-none-eabi/lib/armv7-m\libc.a(lib_a-vfprintf.o)
                0x0000676c                vfprintf
 .text.__sbprintf
                0x00006784       0x6c c:/nxp/lpcxpresso_8.2.2_650/lpcxpresso/tools/bin/../lib/gcc/arm-none-eabi/5.4.1/../../../../arm-none-eabi/lib/armv7-m\libc.a(lib_a-vfprintf.o)
 .text.__swbuf_r
                0x000067f0       0xac c:/nxp/lpcxpresso_8.2.2_650/lpcxpresso/tools/bin/../lib/gcc/arm-none-eabi/5.4.1/../../../../arm-none-eabi/lib/armv7-m\libc.a(lib_a-wbuf.o)
                0x000067f0                __swbuf_r
 .text._write_r
                0x0000689c       0x2c c:/nxp/lpcxpresso_8.2.2_650/lpcxpresso/tools/bin/../lib/gcc/arm-none-eabi/5.4.1/../../../../arm-none-eabi/lib/armv7-m\libc.a(lib_a-writer.o)
                0x0000689c                _write_r
 .text.__swsetup_r
                0x000068c8       0xc8 c:/nxp/lpcxpresso_8.2.2_650/lpcxpresso/tools/bin/../lib/gcc/arm-none-eabi/5.4.1/../../../../arm-none-eabi/lib/armv7-m\libc.a(lib_a-wsetup.o)
                0x000068c8                __swsetup_r
 .text._close_r
                0x00006990       0x24 c:/nxp/lpcxpresso_8.2.2_650/lpcxpresso/tools/bin/../lib/gcc/arm-none-eabi/5.4.1/../../../../arm-none-eabi/lib/armv7-m\libc.a(lib_a-closer.o)
                0x00006990                _close_r
 .text.quorem   0x000069b4      0x12c c:/nxp/lpcxpresso_8.2.2_650/lpcxpresso/tools/bin/../lib/gcc/arm-none-eabi/5.4.1/../../../../arm-none-eabi/lib/armv7-m\libc.a(lib_a-dtoa.o)
 .text._dtoa_r  0x00006ae0      0xe4c c:/nxp/lpcxpresso_8.2.2_650/lpcxpresso/tools/bin/../lib/gcc/arm-none-eabi/5.4.1/../../../../arm-none-eabi/lib/armv7-m\libc.a(lib_a-dtoa.o)
                0x00006ae0                _dtoa_r
 .text._isatty_r
                0x0000792c       0x24 c:/nxp/lpcxpresso_8.2.2_650/lpcxpresso/tools/bin/../lib/gcc/arm-none-eabi/5.4.1/../../../../arm-none-eabi/lib/armv7-m\libc.a(lib_a-isattyr.o)
                0x0000792c                _isatty_r
 .text.__locale_charset
                0x00007950        0x8 c:/nxp/lpcxpresso_8.2.2_650/lpcxpresso/tools/bin/../lib/gcc/arm-none-eabi/5.4.1/../../../../arm-none-eabi/lib/armv7-m\libc.a(lib_a-locale.o)
                0x00007950                __locale_charset
 .text.__locale_mb_cur_max
                0x00007958        0xc c:/nxp/lpcxpresso_8.2.2_650/lpcxpresso/tools/bin/../lib/gcc/arm-none-eabi/5.4.1/../../../../arm-none-eabi/lib/armv7-m\libc.a(lib_a-locale.o)
                0x00007958                __locale_mb_cur_max
 .text._localeconv_r
                0x00007964        0x8 c:/nxp/lpcxpresso_8.2.2_650/lpcxpresso/tools/bin/../lib/gcc/arm-none-eabi/5.4.1/../../../../arm-none-eabi/lib/armv7-m\libc.a(lib_a-locale.o)
                0x00007964                _localeconv_r
 .text._lseek_r
                0x0000796c       0x2c c:/nxp/lpcxpresso_8.2.2_650/lpcxpresso/tools/bin/../lib/gcc/arm-none-eabi/5.4.1/../../../../arm-none-eabi/lib/armv7-m\libc.a(lib_a-lseekr.o)
                0x0000796c                _lseek_r
 .text._Balloc  0x00007998       0x50 c:/nxp/lpcxpresso_8.2.2_650/lpcxpresso/tools/bin/../lib/gcc/arm-none-eabi/5.4.1/../../../../arm-none-eabi/lib/armv7-m\libc.a(lib_a-mprec.o)
                0x00007998                _Balloc
 .text._Bfree   0x000079e8       0x14 c:/nxp/lpcxpresso_8.2.2_650/lpcxpresso/tools/bin/../lib/gcc/arm-none-eabi/5.4.1/../../../../arm-none-eabi/lib/armv7-m\libc.a(lib_a-mprec.o)
                0x000079e8                _Bfree
 .text.__multadd
                0x000079fc       0x80 c:/nxp/lpcxpresso_8.2.2_650/lpcxpresso/tools/bin/../lib/gcc/arm-none-eabi/5.4.1/../../../../arm-none-eabi/lib/armv7-m\libc.a(lib_a-mprec.o)
                0x000079fc                __multadd
 .text.__hi0bits
                0x00007a7c       0x40 c:/nxp/lpcxpresso_8.2.2_650/lpcxpresso/tools/bin/../lib/gcc/arm-none-eabi/5.4.1/../../../../arm-none-eabi/lib/armv7-m\libc.a(lib_a-mprec.o)
                0x00007a7c                __hi0bits
 .text.__lo0bits
                0x00007abc       0x5c c:/nxp/lpcxpresso_8.2.2_650/lpcxpresso/tools/bin/../lib/gcc/arm-none-eabi/5.4.1/../../../../arm-none-eabi/lib/armv7-m\libc.a(lib_a-mprec.o)
                0x00007abc                __lo0bits
 .text.__i2b    0x00007b18       0x14 c:/nxp/lpcxpresso_8.2.2_650/lpcxpresso/tools/bin/../lib/gcc/arm-none-eabi/5.4.1/../../../../arm-none-eabi/lib/armv7-m\libc.a(lib_a-mprec.o)
                0x00007b18                __i2b
 .text.__multiply
                0x00007b2c      0x13c c:/nxp/lpcxpresso_8.2.2_650/lpcxpresso/tools/bin/../lib/gcc/arm-none-eabi/5.4.1/../../../../arm-none-eabi/lib/armv7-m\libc.a(lib_a-mprec.o)
                0x00007b2c                __multiply
 .text.__pow5mult
                0x00007c68       0xa0 c:/nxp/lpcxpresso_8.2.2_650/lpcxpresso/tools/bin/../lib/gcc/arm-none-eabi/5.4.1/../../../../arm-none-eabi/lib/armv7-m\libc.a(lib_a-mprec.o)
                0x00007c68                __pow5mult
 .text.__lshift
                0x00007d08       0xac c:/nxp/lpcxpresso_8.2.2_650/lpcxpresso/tools/bin/../lib/gcc/arm-none-eabi/5.4.1/../../../../arm-none-eabi/lib/armv7-m\libc.a(lib_a-mprec.o)
                0x00007d08                __lshift
 .text.__mcmp   0x00007db4       0x40 c:/nxp/lpcxpresso_8.2.2_650/lpcxpresso/tools/bin/../lib/gcc/arm-none-eabi/5.4.1/../../../../arm-none-eabi/lib/armv7-m\libc.a(lib_a-mprec.o)
                0x00007db4                __mcmp
 .text.__mdiff  0x00007df4      0x128 c:/nxp/lpcxpresso_8.2.2_650/lpcxpresso/tools/bin/../lib/gcc/arm-none-eabi/5.4.1/../../../../arm-none-eabi/lib/armv7-m\libc.a(lib_a-mprec.o)
                0x00007df4                __mdiff
 .text.__d2b    0x00007f1c       0xa8 c:/nxp/lpcxpresso_8.2.2_650/lpcxpresso/tools/bin/../lib/gcc/arm-none-eabi/5.4.1/../../../../arm-none-eabi/lib/armv7-m\libc.a(lib_a-mprec.o)
                0x00007f1c                __d2b
 .text._read_r  0x00007fc4       0x2c c:/nxp/lpcxpresso_8.2.2_650/lpcxpresso/tools/bin/../lib/gcc/arm-none-eabi/5.4.1/../../../../arm-none-eabi/lib/armv7-m\libc.a(lib_a-readr.o)
                0x00007fc4                _read_r
 .text.__sprint_r.part.0
                0x00007ff0       0x78 c:/nxp/lpcxpresso_8.2.2_650/lpcxpresso/tools/bin/../lib/gcc/arm-none-eabi/5.4.1/../../../../arm-none-eabi/lib/armv7-m\libc.a(lib_a-vfiprintf.o)
 .text.__sprint_r
                0x00008068       0x14 c:/nxp/lpcxpresso_8.2.2_650/lpcxpresso/tools/bin/../lib/gcc/arm-none-eabi/5.4.1/../../../../arm-none-eabi/lib/armv7-m\libc.a(lib_a-vfiprintf.o)
                0x00008068                __sprint_r
 .text._calloc_r
                0x0000807c       0x60 c:/nxp/lpcxpresso_8.2.2_650/lpcxpresso/tools/bin/../lib/gcc/arm-none-eabi/5.4.1/../../../../arm-none-eabi/lib/armv7-m\libc.a(lib_a-callocr.o)
                0x0000807c                _calloc_r
 .text.__fputwc
                0x000080dc       0x94 c:/nxp/lpcxpresso_8.2.2_650/lpcxpresso/tools/bin/../lib/gcc/arm-none-eabi/5.4.1/../../../../arm-none-eabi/lib/armv7-m\libc.a(lib_a-fputwc.o)
                0x000080dc                __fputwc
 .text._fputwc_r
                0x00008170       0x24 c:/nxp/lpcxpresso_8.2.2_650/lpcxpresso/tools/bin/../lib/gcc/arm-none-eabi/5.4.1/../../../../arm-none-eabi/lib/armv7-m\libc.a(lib_a-fputwc.o)
                0x00008170                _fputwc_r
 .text._wcrtomb_r
                0x00008194       0x54 c:/nxp/lpcxpresso_8.2.2_650/lpcxpresso/tools/bin/../lib/gcc/arm-none-eabi/5.4.1/../../../../arm-none-eabi/lib/armv7-m\libc.a(lib_a-wcrtomb.o)
                0x00008194                _wcrtomb_r
 .text.__ascii_wctomb
                0x000081e8       0x1c c:/nxp/lpcxpresso_8.2.2_650/lpcxpresso/tools/bin/../lib/gcc/arm-none-eabi/5.4.1/../../../../arm-none-eabi/lib/armv7-m\libc.a(lib_a-wctomb_r.o)
                0x000081e8                __ascii_wctomb
 .text._sbrk    0x00008204       0x3c c:/nxp/lpcxpresso_8.2.2_650/lpcxpresso/tools/bin/../lib/gcc/arm-none-eabi/5.4.1/../../../../arm-none-eabi/lib/armv7-m\libcr_newlib_nohost.a(_cr_sbrk.o)
                0x00008204                _sbrk
 .text.__check_heap_overflow
                0x00008240       0x18 c:/nxp/lpcxpresso_8.2.2_650/lpcxpresso/tools/bin/../lib/gcc/arm-none-eabi/5.4.1/../../../../arm-none-eabi/lib/armv7-m\libcr_newlib_nohost.a(_cr_check_heap.o)
                0x00008240                __check_heap_overflow
 .text          0x00008258       0x5c c:/nxp/lpcxpresso_8.2.2_650/lpcxpresso/tools/bin/../lib/gcc/arm-none-eabi/5.4.1/armv7-m\crtbegin.o
 .text          0x000082b4      0x424 c:/nxp/lpcxpresso_8.2.2_650/lpcxpresso/tools/bin/../lib/gcc/arm-none-eabi/5.4.1/armv7-m\libgcc.a(_arm_muldivdf3.o)
                0x000082b4                __aeabi_dmul
                0x000082b4                __muldf3
                0x00008508                __divdf3
                0x00008508                __aeabi_ddiv
 .text          0x000086d8      0x110 c:/nxp/lpcxpresso_8.2.2_650/lpcxpresso/tools/bin/../lib/gcc/arm-none-eabi/5.4.1/armv7-m\libgcc.a(_arm_cmpdf2.o)
                0x000086d8                __gtdf2
                0x000086d8                __gedf2
                0x000086e0                __ltdf2
                0x000086e0                __ledf2
                0x000086e8                __nedf2
                0x000086e8                __eqdf2
                0x000086e8                __cmpdf2
                0x00008764                __aeabi_cdrcmple
                0x00008774                __aeabi_cdcmpeq
                0x00008774                __aeabi_cdcmple
                0x00008784                __aeabi_dcmpeq
                0x00008798                __aeabi_dcmplt
                0x000087ac                __aeabi_dcmple
                0x000087c0                __aeabi_dcmpge
                0x000087d4                __aeabi_dcmpgt
 .text          0x000087e8       0x2c c:/nxp/lpcxpresso_8.2.2_650/lpcxpresso/tools/bin/../lib/gcc/arm-none-eabi/5.4.1/armv7-m\libgcc.a(_arm_unorddf2.o)
                0x000087e8                __unorddf2
                0x000087e8                __aeabi_dcmpun
 *(.rodata .rodata.*)
 .rodata        0x00008814       0x84 ./LCD_C12832/C12832_lcd.o
 .rodata        0x00008898       0x84 ./main.o
 .rodata.str1.4
                0x0000891c       0x67 C:/Mywork/mbed_program/High-V_INV-MC/MyProgram/mbed/TARGET_LPC1768/TOOLCHAIN_GCC_CR/board.o
                                 0x68 (size before relaxing)
 *fill*         0x00008983        0x1 ff
 .rodata.PinMap_UART_RTS
                0x00008984       0x24 C:\Mywork\mbed_program\High-V_INV-MC\MyProgram\mbed\TARGET_LPC1768\TOOLCHAIN_GCC_CR\libmbed.a(serial_api.o)
 .rodata.PinMap_UART_RX
                0x000089a8       0x6c C:\Mywork\mbed_program\High-V_INV-MC\MyProgram\mbed\TARGET_LPC1768\TOOLCHAIN_GCC_CR\libmbed.a(serial_api.o)
 .rodata.CSWTCH.9
                0x00008a14       0x10 C:\Mywork\mbed_program\High-V_INV-MC\MyProgram\mbed\TARGET_LPC1768\TOOLCHAIN_GCC_CR\libmbed.a(serial_api.o)
 .rodata.str1.4
                0x00008a24      0x1b4 C:\Mywork\mbed_program\High-V_INV-MC\MyProgram\mbed\TARGET_LPC1768\TOOLCHAIN_GCC_CR\libmbed.a(serial_api.o)
                                0x1cc (size before relaxing)
 .rodata.PinMap_UART_TX
                0x00008bd8       0x6c C:\Mywork\mbed_program\High-V_INV-MC\MyProgram\mbed\TARGET_LPC1768\TOOLCHAIN_GCC_CR\libmbed.a(serial_api.o)
 .rodata.PinMap_UART_CTS
                0x00008c44       0x24 C:\Mywork\mbed_program\High-V_INV-MC\MyProgram\mbed\TARGET_LPC1768\TOOLCHAIN_GCC_CR\libmbed.a(serial_api.o)
 .rodata._ZTVN4mbed6BusOutE
                0x00008c68       0x10 C:\Mywork\mbed_program\High-V_INV-MC\MyProgram\mbed\TARGET_LPC1768\TOOLCHAIN_GCC_CR\libmbed.a(BusOut.o)
                0x00008c68                vtable for mbed::BusOut
 .rodata.str1.4
                0x00008c78       0x68 C:\Mywork\mbed_program\High-V_INV-MC\MyProgram\mbed\TARGET_LPC1768\TOOLCHAIN_GCC_CR\libmbed.a(BusOut.o)
 .rodata._ZTVN4mbed11InterruptInE
                0x00008c78       0x10 C:\Mywork\mbed_program\High-V_INV-MC\MyProgram\mbed\TARGET_LPC1768\TOOLCHAIN_GCC_CR\libmbed.a(InterruptIn.o)
                0x00008c78                vtable for mbed::InterruptIn
 .rodata._ZTVN4mbed6TickerE
                0x00008c88       0x18 C:\Mywork\mbed_program\High-V_INV-MC\MyProgram\mbed\TARGET_LPC1768\TOOLCHAIN_GCC_CR\libmbed.a(Ticker.o)
                0x00008c88                vtable for mbed::Ticker
 .rodata._ZTVN4mbed10TimerEventE
                0x00008ca0       0x18 C:\Mywork\mbed_program\High-V_INV-MC\MyProgram\mbed\TARGET_LPC1768\TOOLCHAIN_GCC_CR\libmbed.a(TimerEvent.o)
                0x00008ca0                vtable for mbed::TimerEvent
 .rodata.str1.4
                0x00008cb8       0x31 C:\Mywork\mbed_program\High-V_INV-MC\MyProgram\mbed\TARGET_LPC1768\TOOLCHAIN_GCC_CR\libmbed.a(assert.o)
                                 0x34 (size before relaxing)
 .rodata.str1.4
                0x00008ce9       0x68 C:\Mywork\mbed_program\High-V_INV-MC\MyProgram\mbed\TARGET_LPC1768\TOOLCHAIN_GCC_CR\libmbed.a(gpio.o)
 *fill*         0x00008ce9        0x3 ff
 .rodata.str1.4
                0x00008cec       0x48 C:\Mywork\mbed_program\High-V_INV-MC\MyProgram\mbed\TARGET_LPC1768\TOOLCHAIN_GCC_CR\libmbed.a(pinmap_common.o)
 .rodata.str1.4
                0x00008d34       0x6c C:\Mywork\mbed_program\High-V_INV-MC\MyProgram\mbed\TARGET_LPC1768\TOOLCHAIN_GCC_CR\libmbed.a(gpio_api.o)
                                 0x84 (size before relaxing)
 .rodata.str1.4
                0x00008da0       0x56 C:\Mywork\mbed_program\High-V_INV-MC\MyProgram\mbed\TARGET_LPC1768\TOOLCHAIN_GCC_CR\libmbed.a(pinmap.o)
                                 0x6c (size before relaxing)
 *fill*         0x00008df6        0x2 ff
 .rodata.str1.4
                0x00008df8       0x2d C:\Mywork\mbed_program\High-V_INV-MC\MyProgram\mbed\TARGET_LPC1768\TOOLCHAIN_GCC_CR\libmbed.a(gpio_irq_api.o)
                                 0x30 (size before relaxing)
 *fill*         0x00008e25        0x3 ff
 .rodata.str1.4
                0x00008e28        0x2 c:/nxp/lpcxpresso_8.2.2_650/lpcxpresso/tools/bin/../lib/gcc/arm-none-eabi/5.4.1/../../../../arm-none-eabi/lib/armv7-m\libc.a(lib_a-impure.o)
 *fill*         0x00008e2a        0x2 ff
 .rodata._global_impure_ptr
                0x00008e2c        0x4 c:/nxp/lpcxpresso_8.2.2_650/lpcxpresso/tools/bin/../lib/gcc/arm-none-eabi/5.4.1/../../../../arm-none-eabi/lib/armv7-m\libc.a(lib_a-impure.o)
                0x00008e2c                _global_impure_ptr
 .rodata.blanks.7070
                0x00008e30       0x10 c:/nxp/lpcxpresso_8.2.2_650/lpcxpresso/tools/bin/../lib/gcc/arm-none-eabi/5.4.1/../../../../arm-none-eabi/lib/armv7-m\libc.a(lib_a-vfprintf.o)
 .rodata.str1.4
                0x00008e40       0x42 c:/nxp/lpcxpresso_8.2.2_650/lpcxpresso/tools/bin/../lib/gcc/arm-none-eabi/5.4.1/../../../../arm-none-eabi/lib/armv7-m\libc.a(lib_a-vfprintf.o)
 *fill*         0x00008e82        0x2 ff
 .rodata.zeroes.7071
                0x00008e84       0x10 c:/nxp/lpcxpresso_8.2.2_650/lpcxpresso/tools/bin/../lib/gcc/arm-none-eabi/5.4.1/../../../../arm-none-eabi/lib/armv7-m\libc.a(lib_a-vfprintf.o)
 .rodata.str1.4
                0x00008e94       0x10 c:/nxp/lpcxpresso_8.2.2_650/lpcxpresso/tools/bin/../lib/gcc/arm-none-eabi/5.4.1/../../../../arm-none-eabi/lib/armv7-m\libc.a(lib_a-dtoa.o)
                                 0x12 (size before relaxing)
 .rodata.str1.4
                0x00008ea4        0xc c:/nxp/lpcxpresso_8.2.2_650/lpcxpresso/tools/bin/../lib/gcc/arm-none-eabi/5.4.1/../../../../arm-none-eabi/lib/armv7-m\libc.a(lib_a-locale.o)
                                 0x12 (size before relaxing)
 .rodata.__mprec_tens
                0x00008eb0       0xc8 c:/nxp/lpcxpresso_8.2.2_650/lpcxpresso/tools/bin/../lib/gcc/arm-none-eabi/5.4.1/../../../../arm-none-eabi/lib/armv7-m\libc.a(lib_a-mprec.o)
                0x00008eb0                __mprec_tens
 .rodata.__mprec_bigtens
                0x00008f78       0x28 c:/nxp/lpcxpresso_8.2.2_650/lpcxpresso/tools/bin/../lib/gcc/arm-none-eabi/5.4.1/../../../../arm-none-eabi/lib/armv7-m\libc.a(lib_a-mprec.o)
                0x00008f78                __mprec_bigtens
 .rodata.p05.5396
                0x00008fa0        0xc c:/nxp/lpcxpresso_8.2.2_650/lpcxpresso/tools/bin/../lib/gcc/arm-none-eabi/5.4.1/../../../../arm-none-eabi/lib/armv7-m\libc.a(lib_a-mprec.o)
                0x00008fac                . = ALIGN (0x4)
                0x00008fac                . = ALIGN (0x4)
 *(.init)
 .init          0x00008fac        0x4 c:/nxp/lpcxpresso_8.2.2_650/lpcxpresso/tools/bin/../lib/gcc/arm-none-eabi/5.4.1/armv7-m\crti.o
                0x00008fac                _init
 .init          0x00008fb0        0x8 c:/nxp/lpcxpresso_8.2.2_650/lpcxpresso/tools/bin/../lib/gcc/arm-none-eabi/5.4.1/armv7-m\crtn.o
                0x00008fb8                . = ALIGN (0x4)
                0x00008fb8                __preinit_array_start = .
 *(.preinit_array)
                0x00008fb8                __preinit_array_end = .
                0x00008fb8                . = ALIGN (0x4)
                0x00008fb8                __init_array_start = .
 *(SORT(.init_array.*))
 *(.init_array)
 .init_array    0x00008fb8        0x4 ./main.o
 .init_array    0x00008fbc        0x4 c:/nxp/lpcxpresso_8.2.2_650/lpcxpresso/tools/bin/../lib/gcc/arm-none-eabi/5.4.1/armv7-m\crtbegin.o
                0x00008fc0                __init_array_end = .
 *(.fini)
 .fini          0x00008fc0        0x4 c:/nxp/lpcxpresso_8.2.2_650/lpcxpresso/tools/bin/../lib/gcc/arm-none-eabi/5.4.1/armv7-m\crti.o
                0x00008fc0                _fini
 .fini          0x00008fc4        0x8 c:/nxp/lpcxpresso_8.2.2_650/lpcxpresso/tools/bin/../lib/gcc/arm-none-eabi/5.4.1/armv7-m\crtn.o
                0x00008fcc                . = ALIGN (0x4)
 *crtbegin.o(.ctors)
 *(EXCLUDE_FILE(*crtend.o) .ctors)
 *(SORT(.ctors.*))
 *crtend.o(.ctors)
                0x00008fcc                . = ALIGN (0x4)
 *crtbegin.o(.dtors)
 *(EXCLUDE_FILE(*crtend.o) .dtors)
 *(SORT(.dtors.*))
 *crtend.o(.dtors)

.glue_7         0x00008fcc        0x0
 .glue_7        0x00008fcc        0x0 linker stubs

.glue_7t        0x00008fcc        0x0
 .glue_7t       0x00008fcc        0x0 linker stubs

.vfp11_veneer   0x00008fcc        0x0
 .vfp11_veneer  0x00008fcc        0x0 linker stubs

.v4_bx          0x00008fcc        0x0
 .v4_bx         0x00008fcc        0x0 linker stubs

.iplt           0x00008fcc        0x0
 .iplt          0x00008fcc        0x0 ./SCI_eDISP3/SCI_eDISP3.o

.ARM.extab
 *(.ARM.extab* .gnu.linkonce.armextab.*)
                0x00008fcc                __exidx_start = .

.ARM.exidx      0x00008fcc        0x8
 *(.ARM.exidx* .gnu.linkonce.armexidx.*)
 .ARM.exidx     0x00008fcc        0x8 c:/nxp/lpcxpresso_8.2.2_650/lpcxpresso/tools/bin/../lib/gcc/arm-none-eabi/5.4.1/armv7-m\libgcc.a(_udivmoddi4.o)
                0x00008fd4                __exidx_end = .
                0x00008fd4                _etext = .

.rel.dyn        0x00008fd4        0x0
 .rel.iplt      0x00008fd4        0x0 ./SCI_eDISP3/SCI_eDISP3.o

.eh_frame       0x00008fd4        0x0
 .eh_frame      0x00008fd4        0x0 c:/nxp/lpcxpresso_8.2.2_650/lpcxpresso/tools/bin/../lib/gcc/arm-none-eabi/5.4.1/armv7-m\crtbegin.o

.data_RAM2      0x2007c000        0x0 load address 0x00008fd4
 FILL mask 0xff
 *(.data.$RAM2*)
 *(.data.$RamAHB32*)
                0x2007c000                . = ALIGN (0x4)

.uninit_RESERVED
 *(.bss.$RESERVED*)

.data           0x100000c8      0x8a8 load address 0x00008fd4
 FILL mask 0xff
                0x100000c8                _data = .
 *(vtable)
 *(.data*)
 .data.SystemCoreClock
                0x100000c8        0x4 C:/Mywork/mbed_program/High-V_INV-MC/MyProgram/mbed/TARGET_LPC1768/TOOLCHAIN_GCC_CR/system_LPC17xx.o
                0x100000c8                SystemCoreClock
 *fill*         0x100000cc        0x4 ff
 .data.impure_data
                0x100000d0      0x428 c:/nxp/lpcxpresso_8.2.2_650/lpcxpresso/tools/bin/../lib/gcc/arm-none-eabi/5.4.1/../../../../arm-none-eabi/lib/armv7-m\libc.a(lib_a-impure.o)
 .data._impure_ptr
                0x100004f8        0x4 c:/nxp/lpcxpresso_8.2.2_650/lpcxpresso/tools/bin/../lib/gcc/arm-none-eabi/5.4.1/../../../../arm-none-eabi/lib/armv7-m\libc.a(lib_a-impure.o)
                0x100004f8                _impure_ptr
 .data.__malloc_av_
                0x100004fc      0x408 c:/nxp/lpcxpresso_8.2.2_650/lpcxpresso/tools/bin/../lib/gcc/arm-none-eabi/5.4.1/../../../../arm-none-eabi/lib/armv7-m\libc.a(lib_a-mallocr.o)
                0x100004fc                __malloc_av_
 .data.__malloc_trim_threshold
                0x10000904        0x4 c:/nxp/lpcxpresso_8.2.2_650/lpcxpresso/tools/bin/../lib/gcc/arm-none-eabi/5.4.1/../../../../arm-none-eabi/lib/armv7-m\libc.a(lib_a-mallocr.o)
                0x10000904                __malloc_trim_threshold
 .data.__malloc_sbrk_base
                0x10000908        0x4 c:/nxp/lpcxpresso_8.2.2_650/lpcxpresso/tools/bin/../lib/gcc/arm-none-eabi/5.4.1/../../../../arm-none-eabi/lib/armv7-m\libc.a(lib_a-mallocr.o)
                0x10000908                __malloc_sbrk_base
 .data.lconv    0x1000090c       0x38 c:/nxp/lpcxpresso_8.2.2_650/lpcxpresso/tools/bin/../lib/gcc/arm-none-eabi/5.4.1/../../../../arm-none-eabi/lib/armv7-m\libc.a(lib_a-locale.o)
 .data.lc_ctype_charset
                0x10000944       0x20 c:/nxp/lpcxpresso_8.2.2_650/lpcxpresso/tools/bin/../lib/gcc/arm-none-eabi/5.4.1/../../../../arm-none-eabi/lib/armv7-m\libc.a(lib_a-locale.o)
 .data.__mb_cur_max
                0x10000964        0x4 c:/nxp/lpcxpresso_8.2.2_650/lpcxpresso/tools/bin/../lib/gcc/arm-none-eabi/5.4.1/../../../../arm-none-eabi/lib/armv7-m\libc.a(lib_a-locale.o)
                0x10000964                __mb_cur_max
 .data.__wctomb
                0x10000968        0x4 c:/nxp/lpcxpresso_8.2.2_650/lpcxpresso/tools/bin/../lib/gcc/arm-none-eabi/5.4.1/../../../../arm-none-eabi/lib/armv7-m\libc.a(lib_a-wctomb_r.o)
                0x10000968                __wctomb
 .data          0x1000096c        0x4 c:/nxp/lpcxpresso_8.2.2_650/lpcxpresso/tools/bin/../lib/gcc/arm-none-eabi/5.4.1/armv7-m\crtbegin.o
                0x1000096c                __dso_handle
                0x10000970                . = ALIGN (0x4)
                0x10000970                _edata = .

.igot.plt       0x10000970        0x0 load address 0x0000987c
 .igot.plt      0x10000970        0x0 ./SCI_eDISP3/SCI_eDISP3.o

.jcr            0x10000970        0x0 load address 0x0000987c
 .jcr           0x10000970        0x0 c:/nxp/lpcxpresso_8.2.2_650/lpcxpresso/tools/bin/../lib/gcc/arm-none-eabi/5.4.1/armv7-m\crtbegin.o

.bss_RAM2       0x2007c000        0x0
 *(.bss.$RAM2*)
 *(.bss.$RamAHB32*)
                0x2007c000                . = ALIGN (0x4)

.bss            0x10000970      0x5e8
                0x10000970                _bss = .
 *(.bss*)
 .bss.Job_100m  0x10000970        0x1 ./main.o
                0x10000970                Job_100m
 .bss.Job_1s    0x10000971        0x1 ./main.o
                0x10000971                Job_1s
 *fill*         0x10000972        0x2 
 .bss.Rtd_u_time
                0x10000974        0x4 ./main.o
                0x10000974                Rtd_u_time
 .bss.Rtd_v_time
                0x10000978        0x4 ./main.o
                0x10000978                Rtd_v_time
 .bss.Rtd_w_time
                0x1000097c        0x4 ./main.o
                0x1000097c                Rtd_w_time
 .bss.Err       0x10000980        0x4 ./main.o
                0x10000980                Err
 .bss.mLed      0x10000984       0x44 ./main.o
                0x10000984                mLed
 .bss.Time0     0x100009c8       0x40 ./main.o
                0x100009c8                Time0
 .bss._FAULT_U  0x10000a08       0x18 ./main.o
                0x10000a08                _FAULT_U
 .bss._FAULT_V  0x10000a20       0x18 ./main.o
                0x10000a20                _FAULT_V
 .bss._FAULT_W  0x10000a38       0x18 ./main.o
                0x10000a38                _FAULT_W
 .bss.RTD_U     0x10000a50       0x60 ./main.o
                0x10000a50                RTD_U
 .bss.RTD_V     0x10000ab0       0x60 ./main.o
                0x10000ab0                RTD_V
 .bss.RTD_W     0x10000b10       0x60 ./main.o
                0x10000b10                RTD_W
 .bss.RTD_U_TIME
                0x10000b70        0xc ./main.o
                0x10000b70                RTD_U_TIME
 .bss.RTD_V_TIME
                0x10000b7c        0xc ./main.o
                0x10000b7c                RTD_V_TIME
 .bss.RTD_W_TIME
                0x10000b88        0xc ./main.o
                0x10000b88                RTD_W_TIME
 .bss.FAULT     0x10000b94       0x18 ./main.o
                0x10000b94                FAULT
 .bss.ERR_LED_FU
                0x10000bac       0x18 ./main.o
                0x10000bac                ERR_LED_FU
 .bss.ERR_LED_RU
                0x10000bc4       0x18 ./main.o
                0x10000bc4                ERR_LED_RU
 .bss.ERR_LED_FV
                0x10000bdc       0x18 ./main.o
                0x10000bdc                ERR_LED_FV
 .bss.ERR_LED_RV
                0x10000bf4       0x18 ./main.o
                0x10000bf4                ERR_LED_RV
 .bss.ERR_LED_FW
                0x10000c0c       0x18 ./main.o
                0x10000c0c                ERR_LED_FW
 .bss.ERR_LED_RW
                0x10000c24       0x18 ./main.o
                0x10000c24                ERR_LED_RW
 .bss._ZZ9time0_intvE13job_100mS_cnt
                0x10000c3c        0x2 ./main.o
 .bss._ZZ9time0_intvE10job_1s_cnt
                0x10000c3e        0x2 ./main.o
 .bss._ZL11filehandles
                0x10000c40      0x100 C:/Mywork/mbed_program/High-V_INV-MC/MyProgram/mbed/TARGET_LPC1768/TOOLCHAIN_GCC_CR/retarget.o
 .bss.stdio_uart_inited
                0x10000d40        0x4 C:\Mywork\mbed_program\High-V_INV-MC\MyProgram\mbed\TARGET_LPC1768\TOOLCHAIN_GCC_CR\libmbed.a(serial_api.o)
                0x10000d40                stdio_uart_inited
 .bss.irq_handler
                0x10000d44        0x4 C:\Mywork\mbed_program\High-V_INV-MC\MyProgram\mbed\TARGET_LPC1768\TOOLCHAIN_GCC_CR\libmbed.a(serial_api.o)
 .bss.uart_data
                0x10000d48       0xe0 C:\Mywork\mbed_program\High-V_INV-MC\MyProgram\mbed\TARGET_LPC1768\TOOLCHAIN_GCC_CR\libmbed.a(serial_api.o)
 .bss.head      0x10000e28        0x4 C:\Mywork\mbed_program\High-V_INV-MC\MyProgram\mbed\TARGET_LPC1768\TOOLCHAIN_GCC_CR\libmbed.a(us_ticker_api.o)
 .bss.event_handler
                0x10000e2c        0x4 C:\Mywork\mbed_program\High-V_INV-MC\MyProgram\mbed\TARGET_LPC1768\TOOLCHAIN_GCC_CR\libmbed.a(us_ticker_api.o)
 .bss.irq_handler
                0x10000e30        0x4 C:\Mywork\mbed_program\High-V_INV-MC\MyProgram\mbed\TARGET_LPC1768\TOOLCHAIN_GCC_CR\libmbed.a(gpio_irq_api.o)
 .bss.channel_ids
                0x10000e34       0xc0 C:\Mywork\mbed_program\High-V_INV-MC\MyProgram\mbed\TARGET_LPC1768\TOOLCHAIN_GCC_CR\libmbed.a(gpio_irq_api.o)
 .bss.us_ticker_inited
                0x10000ef4        0x4 C:\Mywork\mbed_program\High-V_INV-MC\MyProgram\mbed\TARGET_LPC1768\TOOLCHAIN_GCC_CR\libmbed.a(us_ticker.o)
                0x10000ef4                us_ticker_inited
 .bss.__malloc_max_total_mem
                0x10000ef8        0x4 c:/nxp/lpcxpresso_8.2.2_650/lpcxpresso/tools/bin/../lib/gcc/arm-none-eabi/5.4.1/../../../../arm-none-eabi/lib/armv7-m\libc.a(lib_a-mallocr.o)
                0x10000ef8                __malloc_max_total_mem
 .bss.__malloc_max_sbrked_mem
                0x10000efc        0x4 c:/nxp/lpcxpresso_8.2.2_650/lpcxpresso/tools/bin/../lib/gcc/arm-none-eabi/5.4.1/../../../../arm-none-eabi/lib/armv7-m\libc.a(lib_a-mallocr.o)
                0x10000efc                __malloc_max_sbrked_mem
 .bss.__malloc_top_pad
                0x10000f00        0x4 c:/nxp/lpcxpresso_8.2.2_650/lpcxpresso/tools/bin/../lib/gcc/arm-none-eabi/5.4.1/../../../../arm-none-eabi/lib/armv7-m\libc.a(lib_a-mallocr.o)
                0x10000f00                __malloc_top_pad
 .bss.__malloc_current_mallinfo
                0x10000f04       0x28 c:/nxp/lpcxpresso_8.2.2_650/lpcxpresso/tools/bin/../lib/gcc/arm-none-eabi/5.4.1/../../../../arm-none-eabi/lib/armv7-m\libc.a(lib_a-mallocr.o)
                0x10000f04                __malloc_current_mallinfo
 .bss.__end_of_heap
                0x10000f2c        0x4 c:/nxp/lpcxpresso_8.2.2_650/lpcxpresso/tools/bin/../lib/gcc/arm-none-eabi/5.4.1/../../../../arm-none-eabi/lib/armv7-m\libcr_newlib_nohost.a(_cr_sbrk.o)
                0x10000f2c                __end_of_heap
 .bss           0x10000f30       0x1c c:/nxp/lpcxpresso_8.2.2_650/lpcxpresso/tools/bin/../lib/gcc/arm-none-eabi/5.4.1/armv7-m\crtbegin.o
 *(COMMON)
 COMMON         0x10000f4c        0x8 C:\Mywork\mbed_program\High-V_INV-MC\MyProgram\mbed\TARGET_LPC1768\TOOLCHAIN_GCC_CR\libmbed.a(serial_api.o)
                0x10000f4c                stdio_uart
 COMMON         0x10000f54        0x4 c:/nxp/lpcxpresso_8.2.2_650/lpcxpresso/tools/bin/../lib/gcc/arm-none-eabi/5.4.1/../../../../arm-none-eabi/lib/armv7-m\libc.a(lib_a-reent.o)
                0x10000f54                errno
                0x10000f58                . = ALIGN (0x4)
                0x10000f58                _ebss = .
                [!provide]                PROVIDE (end, .)
                0x10000f58                __end__ = .
                0x10000f58                PROVIDE (_pvHeapStart, .)
                0x10008000                PROVIDE (_vStackTop, (__top_RamLoc32 - 0x0))
OUTPUT(MyProgram.axf elf32-littlearm)

.debug_info     0x00000000     0x5f84
 .debug_info    0x00000000     0x358d ./LCD_C12832/C12832_lcd.o
 .debug_info    0x0000358d     0x2869 ./main.o
 .debug_info    0x00005df6      0x124 c:/nxp/lpcxpresso_8.2.2_650/lpcxpresso/tools/bin/../lib/gcc/arm-none-eabi/5.4.1/../../../../arm-none-eabi/lib/armv7-m\libcr_newlib_nohost.a(_cr_sbrk.o)
 .debug_info    0x00005f1a       0x6a c:/nxp/lpcxpresso_8.2.2_650/lpcxpresso/tools/bin/../lib/gcc/arm-none-eabi/5.4.1/../../../../arm-none-eabi/lib/armv7-m\libcr_newlib_nohost.a(_cr_check_heap.o)

.debug_abbrev   0x00000000      0xbfb
 .debug_abbrev  0x00000000      0x5fc ./LCD_C12832/C12832_lcd.o
 .debug_abbrev  0x000005fc      0x4ce ./main.o
 .debug_abbrev  0x00000aca       0xcf c:/nxp/lpcxpresso_8.2.2_650/lpcxpresso/tools/bin/../lib/gcc/arm-none-eabi/5.4.1/../../../../arm-none-eabi/lib/armv7-m\libcr_newlib_nohost.a(_cr_sbrk.o)
 .debug_abbrev  0x00000b99       0x62 c:/nxp/lpcxpresso_8.2.2_650/lpcxpresso/tools/bin/../lib/gcc/arm-none-eabi/5.4.1/../../../../arm-none-eabi/lib/armv7-m\libcr_newlib_nohost.a(_cr_check_heap.o)

.debug_aranges  0x00000000      0x280
 .debug_aranges
                0x00000000      0x180 ./LCD_C12832/C12832_lcd.o
 .debug_aranges
                0x00000180       0xc0 ./main.o
 .debug_aranges
                0x00000240       0x20 c:/nxp/lpcxpresso_8.2.2_650/lpcxpresso/tools/bin/../lib/gcc/arm-none-eabi/5.4.1/../../../../arm-none-eabi/lib/armv7-m\libcr_newlib_nohost.a(_cr_sbrk.o)
 .debug_aranges
                0x00000260       0x20 c:/nxp/lpcxpresso_8.2.2_650/lpcxpresso/tools/bin/../lib/gcc/arm-none-eabi/5.4.1/../../../../arm-none-eabi/lib/armv7-m\libcr_newlib_nohost.a(_cr_check_heap.o)

.debug_ranges   0x00000000      0x240
 .debug_ranges  0x00000000      0x170 ./LCD_C12832/C12832_lcd.o
 .debug_ranges  0x00000170       0xb0 ./main.o
 .debug_ranges  0x00000220       0x10 c:/nxp/lpcxpresso_8.2.2_650/lpcxpresso/tools/bin/../lib/gcc/arm-none-eabi/5.4.1/../../../../arm-none-eabi/lib/armv7-m\libcr_newlib_nohost.a(_cr_sbrk.o)
 .debug_ranges  0x00000230       0x10 c:/nxp/lpcxpresso_8.2.2_650/lpcxpresso/tools/bin/../lib/gcc/arm-none-eabi/5.4.1/../../../../arm-none-eabi/lib/armv7-m\libcr_newlib_nohost.a(_cr_check_heap.o)

.debug_macro    0x00000000      0xbf5
 .debug_macro   0x00000000      0x577 ./LCD_C12832/C12832_lcd.o
 .debug_macro   0x00000577       0x40 ./LCD_C12832/C12832_lcd.o
 .debug_macro   0x000005b7      0x59e ./main.o
 .debug_macro   0x00000b55       0x5e ./main.o
 .debug_macro   0x00000bb3       0x42 ./main.o

.debug_line     0x00000000     0x1df8
 .debug_line    0x00000000      0xfed ./LCD_C12832/C12832_lcd.o
 .debug_line    0x00000fed      0xcbd ./main.o
 .debug_line    0x00001caa      0x101 c:/nxp/lpcxpresso_8.2.2_650/lpcxpresso/tools/bin/../lib/gcc/arm-none-eabi/5.4.1/../../../../arm-none-eabi/lib/armv7-m\libcr_newlib_nohost.a(_cr_sbrk.o)
 .debug_line    0x00001dab       0x4d c:/nxp/lpcxpresso_8.2.2_650/lpcxpresso/tools/bin/../lib/gcc/arm-none-eabi/5.4.1/../../../../arm-none-eabi/lib/armv7-m\libcr_newlib_nohost.a(_cr_check_heap.o)

.debug_str      0x00000000    0x11952
 .debug_str     0x00000000    0x10e94 ./LCD_C12832/C12832_lcd.o
                              0x11266 (size before relaxing)
 .debug_str     0x00010e94      0x915 ./main.o
                              0x1120e (size before relaxing)
 .debug_str     0x000117a9      0x184 c:/nxp/lpcxpresso_8.2.2_650/lpcxpresso/tools/bin/../lib/gcc/arm-none-eabi/5.4.1/../../../../arm-none-eabi/lib/armv7-m\libcr_newlib_nohost.a(_cr_sbrk.o)
                                0x229 (size before relaxing)
 .debug_str     0x0001192d       0x25 c:/nxp/lpcxpresso_8.2.2_650/lpcxpresso/tools/bin/../lib/gcc/arm-none-eabi/5.4.1/../../../../arm-none-eabi/lib/armv7-m\libcr_newlib_nohost.a(_cr_check_heap.o)
                                0x16b (size before relaxing)

.comment        0x00000000      0x14c
 .comment       0x00000000       0x6e ./LCD_C12832/C12832_lcd.o
                                 0x6f (size before relaxing)
 .comment       0x0000006e       0x6f ./main.o
 .comment       0x0000006e       0x70 C:/Mywork/mbed_program/High-V_INV-MC/MyProgram/mbed/TARGET_LPC1768/TOOLCHAIN_GCC_CR/board.o
                                 0x71 (size before relaxing)
 .comment       0x000000de       0x71 C:/Mywork/mbed_program/High-V_INV-MC/MyProgram/mbed/TARGET_LPC1768/TOOLCHAIN_GCC_CR/cmsis_nvic.o
 .comment       0x000000de       0x71 C:/Mywork/mbed_program/High-V_INV-MC/MyProgram/mbed/TARGET_LPC1768/TOOLCHAIN_GCC_CR/retarget.o
 .comment       0x000000de       0x71 C:/Mywork/mbed_program/High-V_INV-MC/MyProgram/mbed/TARGET_LPC1768/TOOLCHAIN_GCC_CR/startup_LPC17xx.o
 .comment       0x000000de       0x71 C:/Mywork/mbed_program/High-V_INV-MC/MyProgram/mbed/TARGET_LPC1768/TOOLCHAIN_GCC_CR/system_LPC17xx.o
 .comment       0x000000de       0x71 C:\Mywork\mbed_program\High-V_INV-MC\MyProgram\mbed\TARGET_LPC1768\TOOLCHAIN_GCC_CR\libmbed.a(serial_api.o)
 .comment       0x000000de       0x71 C:\Mywork\mbed_program\High-V_INV-MC\MyProgram\mbed\TARGET_LPC1768\TOOLCHAIN_GCC_CR\libmbed.a(BusOut.o)
 .comment       0x000000de       0x71 C:\Mywork\mbed_program\High-V_INV-MC\MyProgram\mbed\TARGET_LPC1768\TOOLCHAIN_GCC_CR\libmbed.a(FunctionPointer.o)
 .comment       0x000000de       0x71 C:\Mywork\mbed_program\High-V_INV-MC\MyProgram\mbed\TARGET_LPC1768\TOOLCHAIN_GCC_CR\libmbed.a(InterruptIn.o)
 .comment       0x000000de       0x71 C:\Mywork\mbed_program\High-V_INV-MC\MyProgram\mbed\TARGET_LPC1768\TOOLCHAIN_GCC_CR\libmbed.a(Ticker.o)
 .comment       0x000000de       0x71 C:\Mywork\mbed_program\High-V_INV-MC\MyProgram\mbed\TARGET_LPC1768\TOOLCHAIN_GCC_CR\libmbed.a(TimerEvent.o)
 .comment       0x000000de       0x71 C:\Mywork\mbed_program\High-V_INV-MC\MyProgram\mbed\TARGET_LPC1768\TOOLCHAIN_GCC_CR\libmbed.a(Timer.o)
 .comment       0x000000de       0x71 C:\Mywork\mbed_program\High-V_INV-MC\MyProgram\mbed\TARGET_LPC1768\TOOLCHAIN_GCC_CR\libmbed.a(assert.o)
 .comment       0x000000de       0x71 C:\Mywork\mbed_program\High-V_INV-MC\MyProgram\mbed\TARGET_LPC1768\TOOLCHAIN_GCC_CR\libmbed.a(error.o)
 .comment       0x000000de       0x71 C:\Mywork\mbed_program\High-V_INV-MC\MyProgram\mbed\TARGET_LPC1768\TOOLCHAIN_GCC_CR\libmbed.a(gpio.o)
 .comment       0x000000de       0x71 C:\Mywork\mbed_program\High-V_INV-MC\MyProgram\mbed\TARGET_LPC1768\TOOLCHAIN_GCC_CR\libmbed.a(exit.o)
 .comment       0x000000de       0x71 C:\Mywork\mbed_program\High-V_INV-MC\MyProgram\mbed\TARGET_LPC1768\TOOLCHAIN_GCC_CR\libmbed.a(mbed_interface.o)
 .comment       0x000000de       0x71 C:\Mywork\mbed_program\High-V_INV-MC\MyProgram\mbed\TARGET_LPC1768\TOOLCHAIN_GCC_CR\libmbed.a(pinmap_common.o)
 .comment       0x000000de       0x71 C:\Mywork\mbed_program\High-V_INV-MC\MyProgram\mbed\TARGET_LPC1768\TOOLCHAIN_GCC_CR\libmbed.a(us_ticker_api.o)
 .comment       0x000000de       0x71 C:\Mywork\mbed_program\High-V_INV-MC\MyProgram\mbed\TARGET_LPC1768\TOOLCHAIN_GCC_CR\libmbed.a(wait_api.o)
 .comment       0x000000de       0x71 C:\Mywork\mbed_program\High-V_INV-MC\MyProgram\mbed\TARGET_LPC1768\TOOLCHAIN_GCC_CR\libmbed.a(semihost_api.o)
 .comment       0x000000de       0x71 C:\Mywork\mbed_program\High-V_INV-MC\MyProgram\mbed\TARGET_LPC1768\TOOLCHAIN_GCC_CR\libmbed.a(gpio_api.o)
 .comment       0x000000de       0x71 C:\Mywork\mbed_program\High-V_INV-MC\MyProgram\mbed\TARGET_LPC1768\TOOLCHAIN_GCC_CR\libmbed.a(pinmap.o)
 .comment       0x000000de       0x71 C:\Mywork\mbed_program\High-V_INV-MC\MyProgram\mbed\TARGET_LPC1768\TOOLCHAIN_GCC_CR\libmbed.a(gpio_irq_api.o)
 .comment       0x000000de       0x71 C:\Mywork\mbed_program\High-V_INV-MC\MyProgram\mbed\TARGET_LPC1768\TOOLCHAIN_GCC_CR\libmbed.a(us_ticker.o)
 .comment       0x000000de       0x6e c:/nxp/lpcxpresso_8.2.2_650/lpcxpresso/tools/bin/../lib/gcc/arm-none-eabi/5.4.1/../../../../arm-none-eabi/lib/armv7-m\libcr_newlib_nohost.a(_cr_sbrk.o)
                                 0x6f (size before relaxing)
 .comment       0x0000014c       0x6f c:/nxp/lpcxpresso_8.2.2_650/lpcxpresso/tools/bin/../lib/gcc/arm-none-eabi/5.4.1/../../../../arm-none-eabi/lib/armv7-m\libcr_newlib_nohost.a(_cr_check_heap.o)

.ARM.attributes
                0x00000000       0x31
 .ARM.attributes
                0x00000000       0x33 ./LCD_C12832/C12832_lcd.o
 .ARM.attributes
                0x00000033       0x33 ./main.o
 .ARM.attributes
                0x00000066       0x33 C:/Mywork/mbed_program/High-V_INV-MC/MyProgram/mbed/TARGET_LPC1768/TOOLCHAIN_GCC_CR/board.o
 .ARM.attributes
                0x00000099       0x33 C:/Mywork/mbed_program/High-V_INV-MC/MyProgram/mbed/TARGET_LPC1768/TOOLCHAIN_GCC_CR/cmsis_nvic.o
 .ARM.attributes
                0x000000cc       0x33 C:/Mywork/mbed_program/High-V_INV-MC/MyProgram/mbed/TARGET_LPC1768/TOOLCHAIN_GCC_CR/retarget.o
 .ARM.attributes
                0x000000ff       0x33 C:/Mywork/mbed_program/High-V_INV-MC/MyProgram/mbed/TARGET_LPC1768/TOOLCHAIN_GCC_CR/startup_LPC17xx.o
 .ARM.attributes
                0x00000132       0x33 C:/Mywork/mbed_program/High-V_INV-MC/MyProgram/mbed/TARGET_LPC1768/TOOLCHAIN_GCC_CR/system_LPC17xx.o
 .ARM.attributes
                0x00000165       0x33 C:\Mywork\mbed_program\High-V_INV-MC\MyProgram\mbed\TARGET_LPC1768\TOOLCHAIN_GCC_CR\libmbed.a(serial_api.o)
 .ARM.attributes
                0x00000198       0x33 C:\Mywork\mbed_program\High-V_INV-MC\MyProgram\mbed\TARGET_LPC1768\TOOLCHAIN_GCC_CR\libmbed.a(BusOut.o)
 .ARM.attributes
                0x000001cb       0x33 C:\Mywork\mbed_program\High-V_INV-MC\MyProgram\mbed\TARGET_LPC1768\TOOLCHAIN_GCC_CR\libmbed.a(FunctionPointer.o)
 .ARM.attributes
                0x000001fe       0x33 C:\Mywork\mbed_program\High-V_INV-MC\MyProgram\mbed\TARGET_LPC1768\TOOLCHAIN_GCC_CR\libmbed.a(InterruptIn.o)
 .ARM.attributes
                0x00000231       0x33 C:\Mywork\mbed_program\High-V_INV-MC\MyProgram\mbed\TARGET_LPC1768\TOOLCHAIN_GCC_CR\libmbed.a(Ticker.o)
 .ARM.attributes
                0x00000264       0x33 C:\Mywork\mbed_program\High-V_INV-MC\MyProgram\mbed\TARGET_LPC1768\TOOLCHAIN_GCC_CR\libmbed.a(TimerEvent.o)
 .ARM.attributes
                0x00000297       0x33 C:\Mywork\mbed_program\High-V_INV-MC\MyProgram\mbed\TARGET_LPC1768\TOOLCHAIN_GCC_CR\libmbed.a(Timer.o)
 .ARM.attributes
                0x000002ca       0x33 C:\Mywork\mbed_program\High-V_INV-MC\MyProgram\mbed\TARGET_LPC1768\TOOLCHAIN_GCC_CR\libmbed.a(assert.o)
 .ARM.attributes
                0x000002fd       0x33 C:\Mywork\mbed_program\High-V_INV-MC\MyProgram\mbed\TARGET_LPC1768\TOOLCHAIN_GCC_CR\libmbed.a(error.o)
 .ARM.attributes
                0x00000330       0x33 C:\Mywork\mbed_program\High-V_INV-MC\MyProgram\mbed\TARGET_LPC1768\TOOLCHAIN_GCC_CR\libmbed.a(gpio.o)
 .ARM.attributes
                0x00000363       0x33 C:\Mywork\mbed_program\High-V_INV-MC\MyProgram\mbed\TARGET_LPC1768\TOOLCHAIN_GCC_CR\libmbed.a(exit.o)
 .ARM.attributes
                0x00000396       0x33 C:\Mywork\mbed_program\High-V_INV-MC\MyProgram\mbed\TARGET_LPC1768\TOOLCHAIN_GCC_CR\libmbed.a(mbed_interface.o)
 .ARM.attributes
                0x000003c9       0x33 C:\Mywork\mbed_program\High-V_INV-MC\MyProgram\mbed\TARGET_LPC1768\TOOLCHAIN_GCC_CR\libmbed.a(pinmap_common.o)
 .ARM.attributes
                0x000003fc       0x33 C:\Mywork\mbed_program\High-V_INV-MC\MyProgram\mbed\TARGET_LPC1768\TOOLCHAIN_GCC_CR\libmbed.a(us_ticker_api.o)
 .ARM.attributes
                0x0000042f       0x33 C:\Mywork\mbed_program\High-V_INV-MC\MyProgram\mbed\TARGET_LPC1768\TOOLCHAIN_GCC_CR\libmbed.a(wait_api.o)
 .ARM.attributes
                0x00000462       0x33 C:\Mywork\mbed_program\High-V_INV-MC\MyProgram\mbed\TARGET_LPC1768\TOOLCHAIN_GCC_CR\libmbed.a(semihost_api.o)
 .ARM.attributes
                0x00000495       0x33 C:\Mywork\mbed_program\High-V_INV-MC\MyProgram\mbed\TARGET_LPC1768\TOOLCHAIN_GCC_CR\libmbed.a(gpio_api.o)
 .ARM.attributes
                0x000004c8       0x33 C:\Mywork\mbed_program\High-V_INV-MC\MyProgram\mbed\TARGET_LPC1768\TOOLCHAIN_GCC_CR\libmbed.a(pinmap.o)
 .ARM.attributes
                0x000004fb       0x33 C:\Mywork\mbed_program\High-V_INV-MC\MyProgram\mbed\TARGET_LPC1768\TOOLCHAIN_GCC_CR\libmbed.a(gpio_irq_api.o)
 .ARM.attributes
                0x0000052e       0x33 C:\Mywork\mbed_program\High-V_INV-MC\MyProgram\mbed\TARGET_LPC1768\TOOLCHAIN_GCC_CR\libmbed.a(us_ticker.o)
 .ARM.attributes
                0x00000561       0x1d c:/nxp/lpcxpresso_8.2.2_650/lpcxpresso/tools/bin/../lib/gcc/arm-none-eabi/5.4.1/armv7-m\libgcc.a(_arm_addsubdf3.o)
 .ARM.attributes
                0x0000057e       0x1d c:/nxp/lpcxpresso_8.2.2_650/lpcxpresso/tools/bin/../lib/gcc/arm-none-eabi/5.4.1/armv7-m\libgcc.a(_arm_fixdfsi.o)
 .ARM.attributes
                0x0000059b       0x1d c:/nxp/lpcxpresso_8.2.2_650/lpcxpresso/tools/bin/../lib/gcc/arm-none-eabi/5.4.1/armv7-m\libgcc.a(_arm_muldivsf3.o)
 .ARM.attributes
                0x000005b8       0x1d c:/nxp/lpcxpresso_8.2.2_650/lpcxpresso/tools/bin/../lib/gcc/arm-none-eabi/5.4.1/armv7-m\libgcc.a(_arm_fixsfsi.o)
 .ARM.attributes
                0x000005d5       0x1d c:/nxp/lpcxpresso_8.2.2_650/lpcxpresso/tools/bin/../lib/gcc/arm-none-eabi/5.4.1/armv7-m\libgcc.a(_aeabi_uldivmod.o)
 .ARM.attributes
                0x000005f2       0x2d c:/nxp/lpcxpresso_8.2.2_650/lpcxpresso/tools/bin/../lib/gcc/arm-none-eabi/5.4.1/armv7-m\libgcc.a(_udivmoddi4.o)
 .ARM.attributes
                0x0000061f       0x1d c:/nxp/lpcxpresso_8.2.2_650/lpcxpresso/tools/bin/../lib/gcc/arm-none-eabi/5.4.1/armv7-m\libgcc.a(_dvmd_tls.o)
 .ARM.attributes
                0x0000063c       0x2d c:/nxp/lpcxpresso_8.2.2_650/lpcxpresso/tools/bin/../lib/gcc/arm-none-eabi/5.4.1/../../../../arm-none-eabi/lib/armv7-m\libc.a(lib_a-abs.o)
 .ARM.attributes
                0x00000669       0x2d c:/nxp/lpcxpresso_8.2.2_650/lpcxpresso/tools/bin/../lib/gcc/arm-none-eabi/5.4.1/../../../../arm-none-eabi/lib/armv7-m\libc.a(lib_a-errno.o)
 .ARM.attributes
                0x00000696       0x2d c:/nxp/lpcxpresso_8.2.2_650/lpcxpresso/tools/bin/../lib/gcc/arm-none-eabi/5.4.1/../../../../arm-none-eabi/lib/armv7-m\libc.a(lib_a-fclose.o)
 .ARM.attributes
                0x000006c3       0x2d c:/nxp/lpcxpresso_8.2.2_650/lpcxpresso/tools/bin/../lib/gcc/arm-none-eabi/5.4.1/../../../../arm-none-eabi/lib/armv7-m\libc.a(lib_a-fflush.o)
 .ARM.attributes
                0x000006f0       0x2d c:/nxp/lpcxpresso_8.2.2_650/lpcxpresso/tools/bin/../lib/gcc/arm-none-eabi/5.4.1/../../../../arm-none-eabi/lib/armv7-m\libc.a(lib_a-findfp.o)
 .ARM.attributes
                0x0000071d       0x2d c:/nxp/lpcxpresso_8.2.2_650/lpcxpresso/tools/bin/../lib/gcc/arm-none-eabi/5.4.1/../../../../arm-none-eabi/lib/armv7-m\libc.a(lib_a-fprintf.o)
 .ARM.attributes
                0x0000074a       0x2d c:/nxp/lpcxpresso_8.2.2_650/lpcxpresso/tools/bin/../lib/gcc/arm-none-eabi/5.4.1/../../../../arm-none-eabi/lib/armv7-m\libc.a(lib_a-freer.o)
 .ARM.attributes
                0x00000777       0x2d c:/nxp/lpcxpresso_8.2.2_650/lpcxpresso/tools/bin/../lib/gcc/arm-none-eabi/5.4.1/../../../../arm-none-eabi/lib/armv7-m\libc.a(lib_a-fstatr.o)
 .ARM.attributes
                0x000007a4       0x2d c:/nxp/lpcxpresso_8.2.2_650/lpcxpresso/tools/bin/../lib/gcc/arm-none-eabi/5.4.1/../../../../arm-none-eabi/lib/armv7-m\libc.a(lib_a-fvwrite.o)
 .ARM.attributes
                0x000007d1       0x2d c:/nxp/lpcxpresso_8.2.2_650/lpcxpresso/tools/bin/../lib/gcc/arm-none-eabi/5.4.1/../../../../arm-none-eabi/lib/armv7-m\libc.a(lib_a-fwalk.o)
 .ARM.attributes
                0x000007fe       0x2d c:/nxp/lpcxpresso_8.2.2_650/lpcxpresso/tools/bin/../lib/gcc/arm-none-eabi/5.4.1/../../../../arm-none-eabi/lib/armv7-m\libc.a(lib_a-impure.o)
 .ARM.attributes
                0x0000082b       0x2d c:/nxp/lpcxpresso_8.2.2_650/lpcxpresso/tools/bin/../lib/gcc/arm-none-eabi/5.4.1/../../../../arm-none-eabi/lib/armv7-m\libc.a(lib_a-init.o)
 .ARM.attributes
                0x00000858       0x2d c:/nxp/lpcxpresso_8.2.2_650/lpcxpresso/tools/bin/../lib/gcc/arm-none-eabi/5.4.1/../../../../arm-none-eabi/lib/armv7-m\libc.a(lib_a-makebuf.o)
 .ARM.attributes
                0x00000885       0x2d c:/nxp/lpcxpresso_8.2.2_650/lpcxpresso/tools/bin/../lib/gcc/arm-none-eabi/5.4.1/../../../../arm-none-eabi/lib/armv7-m\libc.a(lib_a-malloc.o)
 .ARM.attributes
                0x000008b2       0x2d c:/nxp/lpcxpresso_8.2.2_650/lpcxpresso/tools/bin/../lib/gcc/arm-none-eabi/5.4.1/../../../../arm-none-eabi/lib/armv7-m\libc.a(lib_a-mallocr.o)
 .ARM.attributes
                0x000008df       0x2d c:/nxp/lpcxpresso_8.2.2_650/lpcxpresso/tools/bin/../lib/gcc/arm-none-eabi/5.4.1/../../../../arm-none-eabi/lib/armv7-m\libc.a(lib_a-memchr-stub.o)
 .ARM.attributes
                0x0000090c       0x1b c:/nxp/lpcxpresso_8.2.2_650/lpcxpresso/tools/bin/../lib/gcc/arm-none-eabi/5.4.1/../../../../arm-none-eabi/lib/armv7-m\libc.a(lib_a-memcpy.o)
 .ARM.attributes
                0x00000927       0x2d c:/nxp/lpcxpresso_8.2.2_650/lpcxpresso/tools/bin/../lib/gcc/arm-none-eabi/5.4.1/../../../../arm-none-eabi/lib/armv7-m\libc.a(lib_a-memmove.o)
 .ARM.attributes
                0x00000954       0x2d c:/nxp/lpcxpresso_8.2.2_650/lpcxpresso/tools/bin/../lib/gcc/arm-none-eabi/5.4.1/../../../../arm-none-eabi/lib/armv7-m\libc.a(lib_a-memset.o)
 .ARM.attributes
                0x00000981       0x2d c:/nxp/lpcxpresso_8.2.2_650/lpcxpresso/tools/bin/../lib/gcc/arm-none-eabi/5.4.1/../../../../arm-none-eabi/lib/armv7-m\libc.a(lib_a-mlock.o)
 .ARM.attributes
                0x000009ae       0x2d c:/nxp/lpcxpresso_8.2.2_650/lpcxpresso/tools/bin/../lib/gcc/arm-none-eabi/5.4.1/../../../../arm-none-eabi/lib/armv7-m\libc.a(lib_a-reallocr.o)
 .ARM.attributes
                0x000009db       0x2d c:/nxp/lpcxpresso_8.2.2_650/lpcxpresso/tools/bin/../lib/gcc/arm-none-eabi/5.4.1/../../../../arm-none-eabi/lib/armv7-m\libc.a(lib_a-reent.o)
 .ARM.attributes
                0x00000a08       0x2d c:/nxp/lpcxpresso_8.2.2_650/lpcxpresso/tools/bin/../lib/gcc/arm-none-eabi/5.4.1/../../../../arm-none-eabi/lib/armv7-m\libc.a(lib_a-sbrkr.o)
 .ARM.attributes
                0x00000a35       0x2d c:/nxp/lpcxpresso_8.2.2_650/lpcxpresso/tools/bin/../lib/gcc/arm-none-eabi/5.4.1/../../../../arm-none-eabi/lib/armv7-m\libc.a(lib_a-stdio.o)
 .ARM.attributes
                0x00000a62       0x2d c:/nxp/lpcxpresso_8.2.2_650/lpcxpresso/tools/bin/../lib/gcc/arm-none-eabi/5.4.1/../../../../arm-none-eabi/lib/armv7-m\libc.a(lib_a-strlen-stub.o)
 .ARM.attributes
                0x00000a8f       0x2d c:/nxp/lpcxpresso_8.2.2_650/lpcxpresso/tools/bin/../lib/gcc/arm-none-eabi/5.4.1/../../../../arm-none-eabi/lib/armv7-m\libc.a(lib_a-vfprintf.o)
 .ARM.attributes
                0x00000abc       0x2d c:/nxp/lpcxpresso_8.2.2_650/lpcxpresso/tools/bin/../lib/gcc/arm-none-eabi/5.4.1/../../../../arm-none-eabi/lib/armv7-m\libc.a(lib_a-wbuf.o)
 .ARM.attributes
                0x00000ae9       0x2d c:/nxp/lpcxpresso_8.2.2_650/lpcxpresso/tools/bin/../lib/gcc/arm-none-eabi/5.4.1/../../../../arm-none-eabi/lib/armv7-m\libc.a(lib_a-writer.o)
 .ARM.attributes
                0x00000b16       0x2d c:/nxp/lpcxpresso_8.2.2_650/lpcxpresso/tools/bin/../lib/gcc/arm-none-eabi/5.4.1/../../../../arm-none-eabi/lib/armv7-m\libc.a(lib_a-wsetup.o)
 .ARM.attributes
                0x00000b43       0x2d c:/nxp/lpcxpresso_8.2.2_650/lpcxpresso/tools/bin/../lib/gcc/arm-none-eabi/5.4.1/../../../../arm-none-eabi/lib/armv7-m\libc.a(lib_a-closer.o)
 .ARM.attributes
                0x00000b70       0x2d c:/nxp/lpcxpresso_8.2.2_650/lpcxpresso/tools/bin/../lib/gcc/arm-none-eabi/5.4.1/../../../../arm-none-eabi/lib/armv7-m\libc.a(lib_a-dtoa.o)
 .ARM.attributes
                0x00000b9d       0x2d c:/nxp/lpcxpresso_8.2.2_650/lpcxpresso/tools/bin/../lib/gcc/arm-none-eabi/5.4.1/../../../../arm-none-eabi/lib/armv7-m\libc.a(lib_a-isattyr.o)
 .ARM.attributes
                0x00000bca       0x2d c:/nxp/lpcxpresso_8.2.2_650/lpcxpresso/tools/bin/../lib/gcc/arm-none-eabi/5.4.1/../../../../arm-none-eabi/lib/armv7-m\libc.a(lib_a-locale.o)
 .ARM.attributes
                0x00000bf7       0x2d c:/nxp/lpcxpresso_8.2.2_650/lpcxpresso/tools/bin/../lib/gcc/arm-none-eabi/5.4.1/../../../../arm-none-eabi/lib/armv7-m\libc.a(lib_a-lseekr.o)
 .ARM.attributes
                0x00000c24       0x2d c:/nxp/lpcxpresso_8.2.2_650/lpcxpresso/tools/bin/../lib/gcc/arm-none-eabi/5.4.1/../../../../arm-none-eabi/lib/armv7-m\libc.a(lib_a-mprec.o)
 .ARM.attributes
                0x00000c51       0x2d c:/nxp/lpcxpresso_8.2.2_650/lpcxpresso/tools/bin/../lib/gcc/arm-none-eabi/5.4.1/../../../../arm-none-eabi/lib/armv7-m\libc.a(lib_a-readr.o)
 .ARM.attributes
                0x00000c7e       0x2d c:/nxp/lpcxpresso_8.2.2_650/lpcxpresso/tools/bin/../lib/gcc/arm-none-eabi/5.4.1/../../../../arm-none-eabi/lib/armv7-m\libc.a(lib_a-vfiprintf.o)
 .ARM.attributes
                0x00000cab       0x2d c:/nxp/lpcxpresso_8.2.2_650/lpcxpresso/tools/bin/../lib/gcc/arm-none-eabi/5.4.1/../../../../arm-none-eabi/lib/armv7-m\libc.a(lib_a-callocr.o)
 .ARM.attributes
                0x00000cd8       0x2d c:/nxp/lpcxpresso_8.2.2_650/lpcxpresso/tools/bin/../lib/gcc/arm-none-eabi/5.4.1/../../../../arm-none-eabi/lib/armv7-m\libc.a(lib_a-fputwc.o)
 .ARM.attributes
                0x00000d05       0x2d c:/nxp/lpcxpresso_8.2.2_650/lpcxpresso/tools/bin/../lib/gcc/arm-none-eabi/5.4.1/../../../../arm-none-eabi/lib/armv7-m\libc.a(lib_a-wcrtomb.o)
 .ARM.attributes